Archive member included because of file (symbol)

c:/winavr-20100110/bin/../lib/gcc/avr/4.3.3/avr35\libgcc.a(_mulhi3.o)
                              ../../LUFA/Drivers/USB/Class/Common/HIDParser.o (__mulhi3)
c:/winavr-20100110/bin/../lib/gcc/avr/4.3.3/avr35\libgcc.a(_udivmodsi4.o)
                              USBtoSerial.o (__udivmodsi4)
c:/winavr-20100110/bin/../lib/gcc/avr/4.3.3/avr35\libgcc.a(_exit.o)
                              c:/winavr-20100110/bin/../lib/gcc/avr/4.3.3/../../../../avr/lib/avr35/crtm32u2.o (exit)
c:/winavr-20100110/bin/../lib/gcc/avr/4.3.3/avr35\libgcc.a(_copy_data.o)
                              USBtoSerial.o (__do_copy_data)
c:/winavr-20100110/bin/../lib/gcc/avr/4.3.3/avr35\libgcc.a(_clear_bss.o)
                              USBtoSerial.o (__do_clear_bss)
c:/winavr-20100110/bin/../lib/gcc/avr/4.3.3/../../../../avr/lib/avr35\libc.a(memcpy_P.o)
                              ../../LUFA/Drivers/USB/Class/Device/RNDISClassDevice.o (memcpy_P)
c:/winavr-20100110/bin/../lib/gcc/avr/4.3.3/../../../../avr/lib/avr35\libc.a(strlen_P.o)
                              ../../LUFA/Drivers/USB/Class/Device/CDCClassDevice.o (strlen_P)
c:/winavr-20100110/bin/../lib/gcc/avr/4.3.3/../../../../avr/lib/avr35\libc.a(memcmp.o)
                              ../../LUFA/Drivers/USB/Class/Device/HIDClassDevice.o (memcmp)
c:/winavr-20100110/bin/../lib/gcc/avr/4.3.3/../../../../avr/lib/avr35\libc.a(memcpy.o)
                              ../../LUFA/Drivers/USB/Class/Device/HIDClassDevice.o (memcpy)
c:/winavr-20100110/bin/../lib/gcc/avr/4.3.3/../../../../avr/lib/avr35\libc.a(memset.o)
                              ../../LUFA/Drivers/USB/Class/Device/HIDClassDevice.o (memset)
c:/winavr-20100110/bin/../lib/gcc/avr/4.3.3/../../../../avr/lib/avr35\libc.a(eerd_byte_atmega32u2.o)
                              Lib/V2ProtocolParams.o (__eerd_byte_m32u2)
c:/winavr-20100110/bin/../lib/gcc/avr/4.3.3/../../../../avr/lib/avr35\libc.a(eeupd_byte_atmega32u2.o)
                              Lib/V2ProtocolParams.o (__eeupd_byte_m32u2)

Allocating common symbols
Common symbol       size              file

USB_IsInitialized   0x1               ../../LUFA/Drivers/USB/Core/USBTask.o
MustLoadExtendedAddress
                    0x1               Lib/V2Protocol.o
USB_Device_ConfigurationNumber
                    0x1               ../../LUFA/Drivers/USB/Core/DeviceStandardReq.o
USB_ControlRequest  0x8               ../../LUFA/Drivers/USB/Core/USBTask.o
CurrentAddress      0x4               Lib/V2Protocol.o
IsSending           0x1               Lib/XPROG/XPROGTarget.o

Discarded input sections

 .data          0x00000000        0x0 c:/winavr-20100110/bin/../lib/gcc/avr/4.3.3/../../../../avr/lib/avr35/crtm32u2.o
 .bss           0x00000000        0x0 c:/winavr-20100110/bin/../lib/gcc/avr/4.3.3/../../../../avr/lib/avr35/crtm32u2.o
 .text          0x00000000        0x0 USBtoSerial.o
 .text          0x00000000        0x0 Descriptors.o
 .bss           0x00000000        0x0 Descriptors.o
 .text          0x00000000        0x0 Lib/V2Protocol.o
 .bss           0x00000000        0x0 Lib/V2Protocol.o
 .text          0x00000000        0x0 Lib/V2ProtocolParams.o
 .bss           0x00000000        0x0 Lib/V2ProtocolParams.o
 .text.V2Params_UpdateParamValues
                0x00000000        0x0 Lib/V2ProtocolParams.o
 .text          0x00000000        0x0 Lib/ISP/ISPProtocol.o
 .data          0x00000000        0x0 Lib/ISP/ISPProtocol.o
 .bss           0x00000000        0x0 Lib/ISP/ISPProtocol.o
 .text          0x00000000        0x0 Lib/ISP/ISPTarget.o
 .text          0x00000000        0x0 Lib/XPROG/XPROGProtocol.o
 .text          0x00000000        0x0 Lib/XPROG/XPROGTarget.o
 .data          0x00000000        0x0 Lib/XPROG/XPROGTarget.o
 .bss           0x00000000        0x0 Lib/XPROG/XPROGTarget.o
 .text          0x00000000        0x0 Lib/XPROG/XMEGANVM.o
 .bss           0x00000000        0x0 Lib/XPROG/XMEGANVM.o
 .text          0x00000000        0x0 Lib/XPROG/TINYNVM.o
 .bss           0x00000000        0x0 Lib/XPROG/TINYNVM.o
 .text          0x00000000        0x0 ../../LUFA/Drivers/USB/Class/Common/HIDParser.o
 .data          0x00000000        0x0 ../../LUFA/Drivers/USB/Class/Common/HIDParser.o
 .bss           0x00000000        0x0 ../../LUFA/Drivers/USB/Class/Common/HIDParser.o
 .text.USB_GetHIDReportItemInfo
                0x00000000        0x0 ../../LUFA/Drivers/USB/Class/Common/HIDParser.o
 .text.USB_SetHIDReportItemInfo
                0x00000000        0x0 ../../LUFA/Drivers/USB/Class/Common/HIDParser.o
 .text.USB_GetHIDReportSize
                0x00000000        0x0 ../../LUFA/Drivers/USB/Class/Common/HIDParser.o
 .text.USB_ProcessHIDReport
                0x00000000        0x0 ../../LUFA/Drivers/USB/Class/Common/HIDParser.o
 .text          0x00000000        0x0 ../../LUFA/Drivers/USB/Core/AVR8/Device_AVR8.o
 .data          0x00000000        0x0 ../../LUFA/Drivers/USB/Core/AVR8/Device_AVR8.o
[...]
Memory Configuration

Name             Origin             Length             Attributes
text             0x00000000         0x00020000         xr
data             0x00800060         0x0000ffa0         rw !x
eeprom           0x00810000         0x00010000         rw !x
fuse             0x00820000         0x00000400         rw !x
lock             0x00830000         0x00000400         rw !x
signature        0x00840000         0x00000400         rw !x
*default*        0x00000000         0xffffffff

Linker script and memory map

Address of section .data set to 0x800100
LOAD c:/winavr-20100110/bin/../lib/gcc/avr/4.3.3/../../../../avr/lib/avr35/crtm32u2.o
LOAD USBtoSerial.o
LOAD Descriptors.o
LOAD Lib/V2Protocol.o
LOAD Lib/V2ProtocolParams.o
LOAD Lib/ISP/ISPProtocol.o
LOAD Lib/ISP/ISPTarget.o
LOAD Lib/XPROG/XPROGProtocol.o
LOAD Lib/XPROG/XPROGTarget.o
LOAD Lib/XPROG/XMEGANVM.o
LOAD Lib/XPROG/TINYNVM.o
LOAD ../../LUFA/Drivers/USB/Class/Common/HIDParser.o
LOAD ../../LUFA/Drivers/USB/Core/AVR8/Device_AVR8.o
LOAD ../../LUFA/Drivers/USB/Core/AVR8/EndpointStream_AVR8.o
LOAD ../../LUFA/Drivers/USB/Core/AVR8/Endpoint_AVR8.o
LOAD ../../LUFA/Drivers/USB/Core/AVR8/Host_AVR8.o
LOAD ../../LUFA/Drivers/USB/Core/AVR8/PipeStream_AVR8.o
LOAD ../../LUFA/Drivers/USB/Core/AVR8/Pipe_AVR8.o
LOAD ../../LUFA/Drivers/USB/Core/AVR8/USBController_AVR8.o
LOAD ../../LUFA/Drivers/USB/Core/AVR8/USBInterrupt_AVR8.o
LOAD ../../LUFA/Drivers/USB/Core/ConfigDescriptors.o
LOAD ../../LUFA/Drivers/USB/Core/DeviceStandardReq.o
LOAD ../../LUFA/Drivers/USB/Core/Events.o
LOAD ../../LUFA/Drivers/USB/Core/HostStandardReq.o
LOAD ../../LUFA/Drivers/USB/Core/USBTask.o
LOAD ../../LUFA/Drivers/USB/Class/Device/AudioClassDevice.o
LOAD ../../LUFA/Drivers/USB/Class/Device/CDCClassDevice.o
LOAD ../../LUFA/Drivers/USB/Class/Device/HIDClassDevice.o
LOAD ../../LUFA/Drivers/USB/Class/Device/MassStorageClassDevice.o
LOAD ../../LUFA/Drivers/USB/Class/Device/MIDIClassDevice.o
LOAD ../../LUFA/Drivers/USB/Class/Device/PrinterClassDevice.o
LOAD ../../LUFA/Drivers/USB/Class/Device/RNDISClassDevice.o
LOAD ../../LUFA/Drivers/USB/Class/Host/AndroidAccessoryClassHost.o
LOAD ../../LUFA/Drivers/USB/Class/Host/AudioClassHost.o
LOAD ../../LUFA/Drivers/USB/Class/Host/CDCClassHost.o
LOAD ../../LUFA/Drivers/USB/Class/Host/HIDClassHost.o
LOAD ../../LUFA/Drivers/USB/Class/Host/MassStorageClassHost.o
LOAD ../../LUFA/Drivers/USB/Class/Host/MIDIClassHost.o
LOAD ../../LUFA/Drivers/USB/Class/Host/PrinterClassHost.o
LOAD ../../LUFA/Drivers/USB/Class/Host/RNDISClassHost.o
LOAD ../../LUFA/Drivers/USB/Class/Host/StillImageClassHost.o
LOAD c:/winavr-20100110/bin/../lib/gcc/avr/4.3.3/../../../../avr/lib/avr35\libm.a
LOAD c:/winavr-20100110/bin/../lib/gcc/avr/4.3.3/avr35\libgcc.a
LOAD c:/winavr-20100110/bin/../lib/gcc/avr/4.3.3/../../../../avr/lib/avr35\libc.a
LOAD c:/winavr-20100110/bin/../lib/gcc/avr/4.3.3/avr35\libgcc.a

.hash
 *(.hash)

.dynsym
 *(.dynsym)

.dynstr
 *(.dynstr)

.gnu.version
 *(.gnu.version)

.gnu.version_d
 *(.gnu.version_d)

.gnu.version_r
 *(.gnu.version_r)

.rel.init
 *(.rel.init)

.rela.init
 *(.rela.init)

.rel.text
 *(.rel.text)
 *(.rel.text.*)
 *(.rel.gnu.linkonce.t*)

.rela.text
 *(.rela.text)
 *(.rela.text.*)
 *(.rela.gnu.linkonce.t*)

.rel.fini
 *(.rel.fini)

.rela.fini
 *(.rela.fini)

.rel.rodata
 *(.rel.rodata)
 *(.rel.rodata.*)
 *(.rel.gnu.linkonce.r*)

.rela.rodata
 *(.rela.rodata)
 *(.rela.rodata.*)
 *(.rela.gnu.linkonce.r*)

.rel.data
 *(.rel.data)
 *(.rel.data.*)
 *(.rel.gnu.linkonce.d*)

.rela.data
 *(.rela.data)
 *(.rela.data.*)
 *(.rela.gnu.linkonce.d*)

.rel.ctors
 *(.rel.ctors)

.rela.ctors
 *(.rela.ctors)

.rel.dtors
 *(.rel.dtors)

.rela.dtors
 *(.rela.dtors)

.rel.got
 *(.rel.got)

.rela.got
 *(.rela.got)

.rel.bss
 *(.rel.bss)

.rela.bss
 *(.rela.bss)

.rel.plt
 *(.rel.plt)

.rela.plt
 *(.rela.plt)

.text           0x00000000     0x2f82
 *(.vectors)
 .vectors       0x00000000       0x98 c:/winavr-20100110/bin/../lib/gcc/avr/4.3.3/../../../../avr/lib/avr35/crtm32u2.o
                0x00000000                __vectors
                0x00000000                __vector_default
 *(.vectors)
 *(.progmem.gcc*)
 *(.progmem*)
 .progmem.data  0x00000098       0x94 Descriptors.o
                0x000000c2                USART_ProductString
                0x000000fe                AVRISP_ManufacturerString
                0x00000098                USART_DeviceDescriptor
                0x000000e8                AVRISP_DeviceDescriptor
                0x000000fa                AVRISP_LanguageString
                0x000000aa                USART_LanguageString
                0x00000112                AVRISP_ProductString
                0x000000ae                USART_ManufacturerString
 .progmem.data  0x0000012c      0x141 Lib/ISP/ISPTarget.o
                0x0000026e                . = ALIGN (0x2)
 *fill*         0x0000026d        0x1 00
                0x0000026e                __trampolines_start = .
 *(.trampolines)
 .trampolines   0x0000026e        0x0 linker stubs
 *(.trampolines*)
                0x0000026e                __trampolines_end = .
 *(.jumptables)
 *(.jumptables*)
 *(.lowtext)
 *(.lowtext*)
                0x0000026e                __ctors_start = .
 *(.ctors)
                0x0000026e                __ctors_end = .
                0x0000026e                __dtors_start = .
 *(.dtors)
                0x0000026e                __dtors_end = .
 SORT(*)(.ctors)
 SORT(*)(.dtors)
 *(.init0)
 .init0         0x0000026e        0x0 c:/winavr-20100110/bin/../lib/gcc/avr/4.3.3/../../../../avr/lib/avr35/crtm32u2.o
                0x0000026e                __init
 *(.init0)
 *(.init1)
 *(.init1)
 *(.init2)
 .init2         0x0000026e        0xc c:/winavr-20100110/bin/../lib/gcc/avr/4.3.3/../../../../avr/lib/avr35/crtm32u2.o
 *(.init2)
 *(.init3)
 *(.init3)
 *(.init4)
 .init4         0x0000027a       0x16 c:/winavr-20100110/bin/../lib/gcc/avr/4.3.3/avr35\libgcc.a(_copy_data.o)
                0x0000027a                __do_copy_data
 .init4         0x00000290       0x10 c:/winavr-20100110/bin/../lib/gcc/avr/4.3.3/avr35\libgcc.a(_clear_bss.o)
                0x00000290                __do_clear_bss
 *(.init4)
 *(.init5)
 *(.init5)
 *(.init6)
 *(.init6)
 *(.init7)
 *(.init7)
 *(.init8)
 *(.init8)
 *(.init9)
 .init9         0x000002a0        0x6 c:/winavr-20100110/bin/../lib/gcc/avr/4.3.3/../../../../avr/lib/avr35/crtm32u2.o
 *(.init9)
 *(.text)
 .text          0x000002a6        0x2 c:/winavr-20100110/bin/../lib/gcc/avr/4.3.3/../../../../avr/lib/avr35/crtm32u2.o
                0x000002a6                __vector_22
                0x000002a6                __vector_28
                0x000002a6                __vector_1
                0x000002a6                __vector_32
                0x000002a6                __vector_34
                0x000002a6                __vector_24
                0x000002a6                __vector_12
                0x000002a6                __bad_interrupt
                0x000002a6                __vector_6
                0x000002a6                __vector_31
                0x000002a6                __vector_35
                0x000002a6                __vector_3
                0x000002a6                __vector_30
                0x000002a6                __vector_25
                0x000002a6                __vector_13
                0x000002a6                __vector_17
                0x000002a6                __vector_7
                0x000002a6                __vector_27
                0x000002a6                __vector_5
                0x000002a6                __vector_33
                0x000002a6                __vector_37
                0x000002a6                __vector_4
                0x000002a6                __vector_9
                0x000002a6                __vector_2
                0x000002a6                __vector_21
                0x000002a6                __vector_36
                0x000002a6                __vector_29
                0x000002a6                __vector_8
                0x000002a6                __vector_26
                0x000002a6                __vector_14
                0x000002a6                __vector_10
                0x000002a6                __vector_16
                0x000002a6                __vector_18
                0x000002a6                __vector_20
                0x000002a8                . = ALIGN (0x2)
 *(.text.*)
 .text.RingBuffer_InitBuffer
                0x000002a8       0x26 USBtoSerial.o
 .text.RingBuffer_Insert
                0x000002ce       0x3e USBtoSerial.o
 .text.RingBuffer_Remove
                0x0000030c       0x3a USBtoSerial.o
 .text.EVENT_USB_Device_Connect
                0x00000346        0x4 USBtoSerial.o
                0x00000346                EVENT_USB_Device_Connect
 .text.EVENT_USB_Device_Disconnect
                0x0000034a        0x4 USBtoSerial.o
                0x0000034a                EVENT_USB_Device_Disconnect
 .text.EVENT_CDC_Device_ControLineStateChanged
                0x0000034e       0x10 USBtoSerial.o
                0x0000034e                EVENT_CDC_Device_ControLineStateChanged
 .text.__vector_23
                0x0000035e       0x70 USBtoSerial.o
                0x0000035e                __vector_23
 .text.EVENT_CDC_Device_LineEncodingChanged
                0x000003ce       0x8a USBtoSerial.o
                0x000003ce                EVENT_CDC_Device_LineEncodingChanged
 .text.CALLBACK_USB_GetDescriptor
                0x00000458       0x12 USBtoSerial.o
                0x00000458                CALLBACK_USB_GetDescriptor
 .text.EVENT_USB_Device_ControlRequest
                0x0000046a       0x12 USBtoSerial.o
                0x0000046a                EVENT_USB_Device_ControlRequest
 .text.EVENT_USB_Device_ConfigurationChanged
                0x0000047c       0x50 USBtoSerial.o
                0x0000047c                EVENT_USB_Device_ConfigurationChanged
 .text.SetupHardware
                0x000004cc       0x6a USBtoSerial.o
                0x000004cc                SetupHardware
 .text.AVRISP_Task
                0x00000536       0x1c USBtoSerial.o
                0x00000536                AVRISP_Task
 .text.main     0x00000552      0x130 USBtoSerial.o
                0x00000552                main
 .text.USART_GetDescriptor
                0x00000682       0x62 Descriptors.o
                0x00000682                USART_GetDescriptor
 .text.AVRISP_GetDescriptor
                0x000006e4       0x84 Descriptors.o
                0x000006e4                AVRISP_GetDescriptor
 .text.__vector_19
                0x00000768       0x2a Lib/V2Protocol.o
                0x00000768                __vector_19
 .text.V2Protocol_ProcessCommand
                0x00000792      0x234 Lib/V2Protocol.o
                0x00000792                V2Protocol_ProcessCommand
 .text.V2Protocol_Init
                0x000009c6       0x10 Lib/V2Protocol.o
                0x000009c6                V2Protocol_Init
 .text.V2Params_GetParamFromTable
                0x000009d6       0x20 Lib/V2ProtocolParams.o
 .text.V2Params_GetParameterValue
                0x000009f6       0x10 Lib/V2ProtocolParams.o
                0x000009f6                V2Params_GetParameterValue
 .text.V2Params_GetParameterPrivileges
                0x00000a06       0x10 Lib/V2ProtocolParams.o
                0x00000a06                V2Params_GetParameterPrivileges
 .text.V2Params_SetParameterValue
                0x00000a16       0x30 Lib/V2ProtocolParams.o
                0x00000a16                V2Params_SetParameterValue
 .text.V2Params_LoadNonVolatileParamValues
                0x00000a46       0x36 Lib/V2ProtocolParams.o
                0x00000a46                V2Params_LoadNonVolatileParamValues
 .text.ISPProtocol_DelayMS
                0x00000a7c       0x1c Lib/ISP/ISPProtocol.o
                0x00000a7c                ISPProtocol_DelayMS
 .text.ISPTarget_SendByte
                0x00000a98       0x18 Lib/ISP/ISPProtocol.o
 .text.ISPProtocol_WriteFuseLock
                0x00000ab0       0x8c Lib/ISP/ISPProtocol.o
                0x00000ab0                ISPProtocol_WriteFuseLock
 .text.ISPProtocol_ReadFuseLockSigOSCCAL
                0x00000b3c       0xd6 Lib/ISP/ISPProtocol.o
                0x00000b3c                ISPProtocol_ReadFuseLockSigOSCCAL
 .text.ISPProtocol_SPIMulti
                0x00000c12      0x13a Lib/ISP/ISPProtocol.o
                0x00000c12                ISPProtocol_SPIMulti
 .text.ISPProtocol_ChipErase
                0x00000d4c       0x9e Lib/ISP/ISPProtocol.o
                0x00000d4c                ISPProtocol_ChipErase
 .text.ISPProtocol_ReadMemory
                0x00000dea      0x15c Lib/ISP/ISPProtocol.o
                0x00000dea                ISPProtocol_ReadMemory
 .text.ISPProtocol_ProgramMemory
                0x00000f46      0x260 Lib/ISP/ISPProtocol.o
                0x00000f46                ISPProtocol_ProgramMemory
 .text.ISPProtocol_LeaveISPMode
                0x000011a6       0x68 Lib/ISP/ISPProtocol.o
                0x000011a6                ISPProtocol_LeaveISPMode
 .text.ISPProtocol_EnterISPMode
                0x0000120e      0x13e Lib/ISP/ISPProtocol.o
                0x0000120e                ISPProtocol_EnterISPMode
 .text.__vector_15
                0x0000134c       0x60 Lib/ISP/ISPTarget.o
                0x0000134c                __vector_15
 .text.ISPTarget_ConfigureRescueClock
                0x000013ac       0x28 Lib/ISP/ISPTarget.o
                0x000013ac                ISPTarget_ConfigureRescueClock
 .text.ISPTarget_DisableTargetISP
                0x000013d4       0x28 Lib/ISP/ISPTarget.o
                0x000013d4                ISPTarget_DisableTargetISP
 .text.ISPTarget_ConfigureSoftwareSPI
                0x000013fc       0x30 Lib/ISP/ISPTarget.o
                0x000013fc                ISPTarget_ConfigureSoftwareSPI
 .text.ISPTarget_TransferSoftSPIByte
                0x0000142c       0x40 Lib/ISP/ISPTarget.o
                0x0000142c                ISPTarget_TransferSoftSPIByte
 .text.ISPTarget_SendByte
                0x0000146c       0x18 Lib/ISP/ISPTarget.o
 .text.ISPTarget_WaitWhileTargetBusy
                0x00001484       0x3c Lib/ISP/ISPTarget.o
                0x00001484                ISPTarget_WaitWhileTargetBusy
 .text.ISPTarget_LoadExtendedAddress
                0x000014c0       0x12 Lib/ISP/ISPTarget.o
                0x000014c0                ISPTarget_LoadExtendedAddress
 .text.ISPTarget_WaitForProgComplete
                0x000014d2       0x8e Lib/ISP/ISPTarget.o
                0x000014d2                ISPTarget_WaitForProgComplete
 .text.ISPTarget_ChangeTargetResetLine
                0x00001560       0x18 Lib/ISP/ISPTarget.o
                0x00001560                ISPTarget_ChangeTargetResetLine
 .text.ISPTarget_EnableTargetISP
                0x00001578       0x54 Lib/ISP/ISPTarget.o
                0x00001578                ISPTarget_EnableTargetISP
 .text.XPROGProtocol_WriteMemory
                0x000015cc      0x15a Lib/XPROG/XPROGProtocol.o
 .text.XPROGProtocol_ReadMemory
                0x00001726       0xbc Lib/XPROG/XPROGProtocol.o
 .text.XPROGProtocol_Command
                0x000017e2      0x2be Lib/XPROG/XPROGProtocol.o
                0x000017e2                XPROGProtocol_Command
 .text.XPROGProtocol_SetMode
                0x00001aa0       0x66 Lib/XPROG/XPROGProtocol.o
                0x00001aa0                XPROGProtocol_SetMode
 .text.XPROGTarget_SetTxMode
                0x00001b06       0x2c Lib/XPROG/XPROGTarget.o
 .text.XPROGTarget_SendIdle
                0x00001b32       0x20 Lib/XPROG/XPROGTarget.o
                0x00001b32                XPROGTarget_SendIdle
 .text.XPROGTarget_EnableTargetTPI
                0x00001b52       0x34 Lib/XPROG/XPROGTarget.o
                0x00001b52                XPROGTarget_EnableTargetTPI
 .text.XPROGTarget_EnableTargetPDI
                0x00001b86       0x32 Lib/XPROG/XPROGTarget.o
                0x00001b86                XPROGTarget_EnableTargetPDI
 .text.XPROGTarget_SendByte
                0x00001bb8       0x28 Lib/XPROG/XPROGTarget.o
                0x00001bb8                XPROGTarget_SendByte
 .text.XPROGTarget_SetRxMode
                0x00001be0       0x30 Lib/XPROG/XPROGTarget.o
 .text.XPROGTarget_ReceiveByte
                0x00001c10       0x1e Lib/XPROG/XPROGTarget.o
                0x00001c10                XPROGTarget_ReceiveByte
 .text.XPROGTarget_DisableTargetTPI
                0x00001c2e       0x2e Lib/XPROG/XPROGTarget.o
                0x00001c2e                XPROGTarget_DisableTargetTPI
 .text.XPROGTarget_DisableTargetPDI
                0x00001c5c       0x26 Lib/XPROG/XPROGTarget.o
                0x00001c5c                XPROGTarget_DisableTargetPDI
 .text.XMEGANVM_SendAddress
                0x00001c82       0x38 Lib/XPROG/XMEGANVM.o
 .text.XMEGANVM_SendNVMRegAddress
                0x00001cba       0x24 Lib/XPROG/XMEGANVM.o
 .text.XMEGANVM_WaitWhileNVMControllerBusy
                0x00001cde       0x1e Lib/XPROG/XMEGANVM.o
                0x00001cde                XMEGANVM_WaitWhileNVMControllerBusy
 .text.XMEGANVM_WritePageMemory
                0x00001cfc       0xce Lib/XPROG/XMEGANVM.o
                0x00001cfc                XMEGANVM_WritePageMemory
 .text.XMEGANVM_WriteByteMemory
                0x00001dca       0x44 Lib/XPROG/XMEGANVM.o
                0x00001dca                XMEGANVM_WriteByteMemory
 .text.XMEGANVM_ReadMemory
                0x00001e0e       0x8a Lib/XPROG/XMEGANVM.o
                0x00001e0e                XMEGANVM_ReadMemory
 .text.XMEGANVM_WaitWhileNVMBusBusy
                0x00001e98       0x16 Lib/XPROG/XMEGANVM.o
                0x00001e98                XMEGANVM_WaitWhileNVMBusBusy
 .text.XMEGANVM_EraseMemory
                0x00001eae       0xda Lib/XPROG/XMEGANVM.o
                0x00001eae                XMEGANVM_EraseMemory
 .text.XMEGANVM_GetMemoryCRC
                0x00001f88       0x70 Lib/XPROG/XMEGANVM.o
                0x00001f88                XMEGANVM_GetMemoryCRC
 .text.XMEGANVM_DisablePDI
                0x00001ff8       0x16 Lib/XPROG/XMEGANVM.o
                0x00001ff8                XMEGANVM_DisablePDI
 .text.XMEGANVM_EnablePDI
                0x0000200e       0x7c Lib/XPROG/XMEGANVM.o
                0x0000200e                XMEGANVM_EnablePDI
 .text.TINYNVM_SendWriteNVMRegister
                0x0000208a       0x14 Lib/XPROG/TINYNVM.o
 .text.TINYNVM_SendPointerAddress
                0x0000209e       0x1e Lib/XPROG/TINYNVM.o
 .text.TINYNVM_WaitWhileNVMControllerBusy
                0x000020bc       0x2a Lib/XPROG/TINYNVM.o
                0x000020bc                TINYNVM_WaitWhileNVMControllerBusy
 .text.TINYNVM_EraseMemory
                0x000020e6       0x36 Lib/XPROG/TINYNVM.o
                0x000020e6                TINYNVM_EraseMemory
 .text.TINYNVM_WriteMemory
                0x0000211c       0x70 Lib/XPROG/TINYNVM.o
                0x0000211c                TINYNVM_WriteMemory
 .text.TINYNVM_ReadMemory
                0x0000218c       0x54 Lib/XPROG/TINYNVM.o
                0x0000218c                TINYNVM_ReadMemory
 .text.TINYNVM_WaitWhileNVMBusBusy
                0x000021e0       0x16 Lib/XPROG/TINYNVM.o
                0x000021e0                TINYNVM_WaitWhileNVMBusBusy
 .text.TINYNVM_DisableTPI
                0x000021f6       0x16 Lib/XPROG/TINYNVM.o
                0x000021f6                TINYNVM_DisableTPI
 .text.TINYNVM_EnableTPI
                0x0000220c       0x74 Lib/XPROG/TINYNVM.o
                0x0000220c                TINYNVM_EnableTPI
 .text.Endpoint_Write_Control_Stream_LE
                0x00002280       0xc4 ../../LUFA/Drivers/USB/Core/AVR8/EndpointStream_AVR8.o
                0x00002280                Endpoint_Write_Control_Stream_LE
 .text.Endpoint_Write_Control_PStream_LE
                0x00002344       0xc6 ../../LUFA/Drivers/USB/Core/AVR8/EndpointStream_AVR8.o
                0x00002344                Endpoint_Write_Control_PStream_LE
 .text.Endpoint_Write_Control_EStream_LE
                0x0000240a       0xe0 ../../LUFA/Drivers/USB/Core/AVR8/EndpointStream_AVR8.o
                0x0000240a                Endpoint_Write_Control_EStream_LE
 .text.Endpoint_Read_Stream_BE
                0x000024ea       0xa4 ../../LUFA/Drivers/USB/Core/AVR8/EndpointStream_AVR8.o
                0x000024ea                Endpoint_Read_Stream_BE
 .text.Endpoint_Read_Stream_LE
                0x0000258e       0xa4 ../../LUFA/Drivers/USB/Core/AVR8/EndpointStream_AVR8.o
                0x0000258e                Endpoint_Read_Stream_LE
 .text.Endpoint_Write_Stream_LE
                0x00002632       0xa4 ../../LUFA/Drivers/USB/Core/AVR8/EndpointStream_AVR8.o
                0x00002632                Endpoint_Write_Stream_LE
 .text.Endpoint_ConfigureEndpoint_Prv
                0x000026d6       0x28 ../../LUFA/Drivers/USB/Core/AVR8/Endpoint_AVR8.o
                0x000026d6                Endpoint_ConfigureEndpoint_Prv
 .text.Endpoint_ConfigureEndpointTable
                0x000026fe       0x78 ../../LUFA/Drivers/USB/Core/AVR8/Endpoint_AVR8.o
                0x000026fe                Endpoint_ConfigureEndpointTable
 .text.Endpoint_ClearStatusStage
                0x00002776       0x3e ../../LUFA/Drivers/USB/Core/AVR8/Endpoint_AVR8.o
                0x00002776                Endpoint_ClearStatusStage
 .text.Endpoint_WaitUntilReady
                0x000027b4       0x62 ../../LUFA/Drivers/USB/Core/AVR8/Endpoint_AVR8.o
                0x000027b4                Endpoint_WaitUntilReady
 .text.USB_ResetInterface
                0x00002816       0x68 ../../LUFA/Drivers/USB/Core/AVR8/USBController_AVR8.o
                0x00002816                USB_ResetInterface
 .text.USB_Init
                0x0000287e       0x12 ../../LUFA/Drivers/USB/Core/AVR8/USBController_AVR8.o
                0x0000287e                USB_Init
 .text.USB_INT_DisableAllInterrupts
                0x00002890        0x6 ../../LUFA/Drivers/USB/Core/AVR8/USBInterrupt_AVR8.o
                0x00002890                USB_INT_DisableAllInterrupts
 .text.USB_INT_ClearAllInterrupts
                0x00002896        0x6 ../../LUFA/Drivers/USB/Core/AVR8/USBInterrupt_AVR8.o
                0x00002896                USB_INT_ClearAllInterrupts
 .text.__vector_11
                0x0000289c      0x12a ../../LUFA/Drivers/USB/Core/AVR8/USBInterrupt_AVR8.o
                0x0000289c                __vector_11
 .text.USB_Device_ProcessControlRequest
                0x000029c6      0x240 ../../LUFA/Drivers/USB/Core/DeviceStandardReq.o
                0x000029c6                USB_Device_ProcessControlRequest
 .text.USB_Event_Stub
                0x00002c06        0x2 ../../LUFA/Drivers/USB/Core/Events.o
                0x00002c06                EVENT_USB_Device_WakeUp
                0x00002c06                USB_Event_Stub
                0x00002c06                EVENT_USB_Device_Suspend
                0x00002c06                EVENT_USB_Device_StartOfFrame
                0x00002c06                EVENT_USB_Device_Reset
 .text.USB_USBTask
                0x00002c08       0x28 ../../LUFA/Drivers/USB/Core/USBTask.o
                0x00002c08                USB_USBTask
 .text.CDC_Device_ReceiveByte
                0x00002c30       0x5a ../../LUFA/Drivers/USB/Class/Device/CDCClassDevice.o
                0x00002c30                CDC_Device_ReceiveByte
 .text.CDC_Device_Event_Stub
                0x00002c8a        0x2 ../../LUFA/Drivers/USB/Class/Device/CDCClassDevice.o
                0x00002c8a                EVENT_CDC_Device_BreakSent
                0x00002c8a                CDC_Device_Event_Stub
 .text.CDC_Device_Flush
                0x00002c8c       0x58 ../../LUFA/Drivers/USB/Class/Device/CDCClassDevice.o
                0x00002c8c                CDC_Device_Flush
 .text.CDC_Device_USBTask
                0x00002ce4       0x2e ../../LUFA/Drivers/USB/Class/Device/CDCClassDevice.o
                0x00002ce4                CDC_Device_USBTask
 .text.CDC_Device_SendByte
                0x00002d12       0x4a ../../LUFA/Drivers/USB/Class/Device/CDCClassDevice.o
                0x00002d12                CDC_Device_SendByte
 .text.CDC_Device_ConfigureEndpoints
                0x00002d5c       0x4e ../../LUFA/Drivers/USB/Class/Device/CDCClassDevice.o
                0x00002d5c                CDC_Device_ConfigureEndpoints
 .text.CDC_Device_ProcessControlRequest
                0x00002daa      0x15c ../../LUFA/Drivers/USB/Class/Device/CDCClassDevice.o
                0x00002daa                CDC_Device_ProcessControlRequest
 .text.libgcc   0x00002f06       0x44 c:/winavr-20100110/bin/../lib/gcc/avr/4.3.3/avr35\libgcc.a(_udivmodsi4.o)
                0x00002f06                __udivmodsi4
 .text.avr-libc
                0x00002f4a       0x10 c:/winavr-20100110/bin/../lib/gcc/avr/4.3.3/../../../../avr/lib/avr35\libc.a(eerd_byte_atmega32u2.o)
                0x00002f4a                __eerd_byte_m32u2
 .text.avr-libc
                0x00002f5a       0x24 c:/winavr-20100110/bin/../lib/gcc/avr/4.3.3/../../../../avr/lib/avr35\libc.a(eeupd_byte_atmega32u2.o)
                0x00002f5a                __eeupd_byte_m32u2
                0x00002f5c                __eeupd_r18_m32u2
                0x00002f7e                . = ALIGN (0x2)
 *(.fini9)
 .fini9         0x00002f7e        0x0 c:/winavr-20100110/bin/../lib/gcc/avr/4.3.3/avr35\libgcc.a(_exit.o)
                0x00002f7e                exit
                0x00002f7e                _exit
 *(.fini9)
 *(.fini8)
 *(.fini8)
 *(.fini7)
 *(.fini7)
 *(.fini6)
 *(.fini6)
 *(.fini5)
 *(.fini5)
 *(.fini4)
 *(.fini4)
 *(.fini3)
 *(.fini3)
 *(.fini2)
 *(.fini2)
 *(.fini1)
 *(.fini1)
 *(.fini0)
 .fini0         0x00002f7e        0x4 c:/winavr-20100110/bin/../lib/gcc/avr/4.3.3/avr35\libgcc.a(_exit.o)
 *(.fini0)
                0x00002f82                _etext = .

.data           0x00800100       0xda load address 0x00002f82
                0x00800100                PROVIDE (__data_start, .)
 *(.data)
 .data          0x00800100       0x1b USBtoSerial.o
                0x00800100                VirtualSerial_CDC_Interface
 .data          0x0080011b       0x7c Descriptors.o
                0x0080011b                USART_ConfigurationDescriptor
                0x00800159                AVRISP_ConfigurationDescriptor
                0x00800179                AVRISP_SerialString
 .data          0x00800197        0xb Lib/V2Protocol.o
 .data          0x008001a2       0x1e Lib/V2ProtocolParams.o
 .data          0x008001c0        0x1 Lib/ISP/ISPTarget.o
                0x008001c0                HardwareSPIMode
 .data          0x008001c1        0x8 Lib/XPROG/XPROGProtocol.o
                0x008001c8                XPROG_Param_NVMCSRRegAddr
                0x008001c7                XPROG_Param_NVMCMDRegAddr
                0x008001c1                XPROG_Param_NVMBase
                0x008001c5                XPROG_Param_EEPageSize
 .data          0x008001c9        0x8 Lib/XPROG/XMEGANVM.o
 .data          0x008001d1        0x8 Lib/XPROG/TINYNVM.o
 *(.data*)
 *(.rodata)
 *(.rodata*)
 *(.gnu.linkonce.d*)
                0x008001da                . = ALIGN (0x2)
 *fill*         0x008001d9        0x1 00
                0x008001da                _edata = .
                0x008001da                PROVIDE (__data_end, .)

.bss            0x008001da      0x12c
                0x008001da                PROVIDE (__bss_start, .)
 *(.bss)
 .bss           0x008001da      0x119 USBtoSerial.o
                0x008001da                CurrentFirmwareMode
 .bss           0x008002f3        0x2 Lib/ISP/ISPTarget.o
 .bss           0x008002f5        0x1 Lib/XPROG/XPROGProtocol.o
                0x008002f5                XPROG_SelectedProtocol
 *(.bss*)
 *(COMMON)
 COMMON         0x008002f6        0x5 Lib/V2Protocol.o
                0x008002f6                MustLoadExtendedAddress
                0x008002f7                CurrentAddress
 COMMON         0x008002fb        0x1 Lib/XPROG/XPROGTarget.o
                0x008002fb                IsSending
 COMMON         0x008002fc        0x1 ../../LUFA/Drivers/USB/Core/DeviceStandardReq.o
                0x008002fc                USB_Device_ConfigurationNumber
 COMMON         0x008002fd        0x9 ../../LUFA/Drivers/USB/Core/USBTask.o
                0x008002fd                USB_IsInitialized
                0x008002fe                USB_ControlRequest
                0x00800306                PROVIDE (__bss_end, .)
                0x00002f82                __data_load_start = LOADADDR (.data)
                0x0000305c                __data_load_end = (__data_load_start + SIZEOF (.data))

.noinit         0x00800306        0x0
                0x00800306                PROVIDE (__noinit_start, .)
 *(.noinit*)
                0x00800306                PROVIDE (__noinit_end, .)
                0x00800306                _end = .
                0x00800306                PROVIDE (__heap_start, .)

.eeprom         0x00810000        0x2
 *(.eeprom*)
 .eeprom        0x00810000        0x2 Lib/V2ProtocolParams.o
                0x00810002                __eeprom_end = .

.fuse
 *(.fuse)
 *(.lfuse)
 *(.hfuse)
 *(.efuse)

.lock
 *(.lock*)

.signature
 *(.signature*)

.stab
 *(.stab)

.stabstr
 *(.stabstr)

.stab.excl
 *(.stab.excl)

.stab.exclstr
 *(.stab.exclstr)

.stab.index
 *(.stab.index)

.stab.indexstr
 *(.stab.indexstr)

.comment
 *(.comment)

.debug
 *(.debug)

.line
 *(.line)

.debug_srcinfo
 *(.debug_srcinfo)

.debug_sfnames
 *(.debug_sfnames)

.debug_aranges  0x00000000      0x810
 *(.debug_aranges)
 .debug_aranges
                0x00000000       0x88 USBtoSerial.o
 .debug_aranges
                0x00000088       0x28 Descriptors.o
 .debug_aranges
                0x000000b0       0x30 Lib/V2Protocol.o
 .debug_aranges
                0x000000e0       0x48 Lib/V2ProtocolParams.o
 .debug_aranges
                0x00000128       0x68 Lib/ISP/ISPProtocol.o
 .debug_aranges
                0x00000190       0x70 Lib/ISP/ISPTarget.o
 .debug_aranges
                0x00000200       0x38 Lib/XPROG/XPROGProtocol.o
 .debug_aranges
                0x00000238       0x60 Lib/XPROG/XPROGTarget.o
 .debug_aranges
                0x00000298       0x70 Lib/XPROG/XMEGANVM.o
 .debug_aranges
                0x00000308       0x60 Lib/XPROG/TINYNVM.o
 .debug_aranges
                0x00000368       0x38 ../../LUFA/Drivers/USB/Class/Common/HIDParser.o
 .debug_aranges
                0x000003a0       0x20 ../../LUFA/Drivers/USB/Core/AVR8/Device_AVR8.o
 .debug_aranges
                0x000003c0       0xc8 ../../LUFA/Drivers/USB/Core/AVR8/EndpointStream_AVR8.o
 .debug_aranges
                0x00000488       0x40 ../../LUFA/Drivers/USB/Core/AVR8/Endpoint_AVR8.o
 .debug_aranges
                0x000004c8       0x30 ../../LUFA/Drivers/USB/Core/AVR8/USBController_AVR8.o
 .debug_aranges
                0x000004f8       0x30 ../../LUFA/Drivers/USB/Core/AVR8/USBInterrupt_AVR8.o
 .debug_aranges
                0x00000528       0x38 ../../LUFA/Drivers/USB/Core/ConfigDescriptors.o
 .debug_aranges
                0x00000560       0x20 ../../LUFA/Drivers/USB/Core/DeviceStandardReq.o
 .debug_aranges
                0x00000580       0x20 ../../LUFA/Drivers/USB/Core/Events.o
 .debug_aranges
                0x000005a0       0x20 ../../LUFA/Drivers/USB/Core/USBTask.o
 .debug_aranges
                0x000005c0       0x30 ../../LUFA/Drivers/USB/Class/Device/AudioClassDevice.o
 .debug_aranges
                0x000005f0       0xa8 ../../LUFA/Drivers/USB/Class/Device/CDCClassDevice.o
 .debug_aranges
                0x00000698       0x30 ../../LUFA/Drivers/USB/Class/Device/HIDClassDevice.o
 .debug_aranges
                0x000006c8       0x30 ../../LUFA/Drivers/USB/Class/Device/MassStorageClassDevice.o
 .debug_aranges
                0x000006f8       0x40 ../../LUFA/Drivers/USB/Class/Device/MIDIClassDevice.o
 .debug_aranges
                0x00000738       0x90 ../../LUFA/Drivers/USB/Class/Device/PrinterClassDevice.o
 .debug_aranges
                0x000007c8       0x48 ../../LUFA/Drivers/USB/Class/Device/RNDISClassDevice.o

.debug_pubnames
                0x00000000     0x1696
 *(.debug_pubnames)
 .debug_pubnames
                0x00000000      0x184 USBtoSerial.o
 .debug_pubnames
                0x00000184      0x176 Descriptors.o
 .debug_pubnames
                0x000002fa       0x83 Lib/V2Protocol.o
 .debug_pubnames
                0x0000037d       0xbb Lib/V2ProtocolParams.o
 .debug_pubnames
                0x00000438      0x114 Lib/ISP/ISPProtocol.o
 .debug_pubnames
                0x0000054c      0x165 Lib/ISP/ISPTarget.o
 .debug_pubnames
                0x000006b1       0xd0 Lib/XPROG/XPROGProtocol.o
 .debug_pubnames
                0x00000781       0xf0 Lib/XPROG/XPROGTarget.o
 .debug_pubnames
                0x00000871      0x10f Lib/XPROG/XMEGANVM.o
 .debug_pubnames
                0x00000980       0xcd Lib/XPROG/TINYNVM.o
 .debug_pubnames
                0x00000a4d       0x7e ../../LUFA/Drivers/USB/Class/Common/HIDParser.o
 .debug_pubnames
                0x00000acb       0x32 ../../LUFA/Drivers/USB/Core/AVR8/Device_AVR8.o
 .debug_pubnames
                0x00000afd      0x2df ../../LUFA/Drivers/USB/Core/AVR8/EndpointStream_AVR8.o
 .debug_pubnames
                0x00000ddc       0xaf ../../LUFA/Drivers/USB/Core/AVR8/Endpoint_AVR8.o
 .debug_pubnames
                0x00000e8b       0x46 ../../LUFA/Drivers/USB/Core/AVR8/USBController_AVR8.o
 .debug_pubnames
                0x00000ed1       0x62 ../../LUFA/Drivers/USB/Core/AVR8/USBInterrupt_AVR8.o
 .debug_pubnames
                0x00000f33       0x9b ../../LUFA/Drivers/USB/Core/ConfigDescriptors.o
 .debug_pubnames
                0x00000fce       0x5a ../../LUFA/Drivers/USB/Core/DeviceStandardReq.o
 .debug_pubnames
                0x00001028       0x25 ../../LUFA/Drivers/USB/Core/Events.o
 .debug_pubnames
                0x0000104d       0x4f ../../LUFA/Drivers/USB/Core/USBTask.o
 .debug_pubnames
                0x0000109c       0x79 ../../LUFA/Drivers/USB/Class/Device/AudioClassDevice.o
 .debug_pubnames
                0x00001115      0x1c1 ../../LUFA/Drivers/USB/Class/Device/CDCClassDevice.o
 .debug_pubnames
                0x000012d6       0x70 ../../LUFA/Drivers/USB/Class/Device/HIDClassDevice.o
 .debug_pubnames
                0x00001346       0x6d ../../LUFA/Drivers/USB/Class/Device/MassStorageClassDevice.o
 .debug_pubnames
                0x000013b3       0xa6 ../../LUFA/Drivers/USB/Class/Device/MIDIClassDevice.o
 .debug_pubnames
                0x00001459      0x16d ../../LUFA/Drivers/USB/Class/Device/PrinterClassDevice.o
 .debug_pubnames
                0x000015c6       0xd0 ../../LUFA/Drivers/USB/Class/Device/RNDISClassDevice.o

.debug_info     0x00000000     0xc5ad
 *(.debug_info)
 .debug_info    0x00000000      0xbef USBtoSerial.o
 .debug_info    0x00000bef      0x8be Descriptors.o
 .debug_info    0x000014ad      0x6ac Lib/V2Protocol.o
 .debug_info    0x00001b59      0x275 Lib/V2ProtocolParams.o
 .debug_info    0x00001dce     0x1024 Lib/ISP/ISPProtocol.o
 .debug_info    0x00002df2      0x4a5 Lib/ISP/ISPTarget.o
 .debug_info    0x00003297      0xe5c Lib/XPROG/XPROGProtocol.o
 .debug_info    0x000040f3      0x2eb Lib/XPROG/XPROGTarget.o
 .debug_info    0x000043de      0x3b4 Lib/XPROG/XMEGANVM.o
 .debug_info    0x00004792      0x2be Lib/XPROG/TINYNVM.o
 .debug_info    0x00004a50      0x6ee ../../LUFA/Drivers/USB/Class/Common/HIDParser.o
 .debug_info    0x0000513e       0xc4 ../../LUFA/Drivers/USB/Core/AVR8/Device_AVR8.o
 .debug_info    0x00005202     0x15c2 ../../LUFA/Drivers/USB/Core/AVR8/EndpointStream_AVR8.o
 .debug_info    0x000067c4      0x570 ../../LUFA/Drivers/USB/Core/AVR8/Endpoint_AVR8.o
 .debug_info    0x00006d34       0x61 ../../LUFA/Drivers/USB/Core/AVR8/Host_AVR8.o
 .debug_info    0x00006d95       0x61 ../../LUFA/Drivers/USB/Core/AVR8/PipeStream_AVR8.o
 .debug_info    0x00006df6       0x61 ../../LUFA/Drivers/USB/Core/AVR8/Pipe_AVR8.o
 .debug_info    0x00006e57      0x41e ../../LUFA/Drivers/USB/Core/AVR8/USBController_AVR8.o
 .debug_info    0x00007275      0x489 ../../LUFA/Drivers/USB/Core/AVR8/USBInterrupt_AVR8.o
 .debug_info    0x000076fe      0x34e ../../LUFA/Drivers/USB/Core/ConfigDescriptors.o
 .debug_info    0x00007a4c      0x757 ../../LUFA/Drivers/USB/Core/DeviceStandardReq.o
 .debug_info    0x000081a3       0x79 ../../LUFA/Drivers/USB/Core/Events.o
 .debug_info    0x0000821c       0x61 ../../LUFA/Drivers/USB/Core/HostStandardReq.o
 .debug_info    0x0000827d      0x252 ../../LUFA/Drivers/USB/Core/USBTask.o
 .debug_info    0x000084cf      0x54c ../../LUFA/Drivers/USB/Class/Device/AudioClassDevice.o
 .debug_info    0x00008a1b      0xc94 ../../LUFA/Drivers/USB/Class/Device/CDCClassDevice.o
 .debug_info    0x000096af      0x61b ../../LUFA/Drivers/USB/Class/Device/HIDClassDevice.o
 .debug_info    0x00009cca      0x7b8 ../../LUFA/Drivers/USB/Class/Device/MassStorageClassDevice.o
 .debug_info    0x0000a482      0x4bd ../../LUFA/Drivers/USB/Class/Device/MIDIClassDevice.o
 .debug_info    0x0000a93f      0xaba ../../LUFA/Drivers/USB/Class/Device/PrinterClassDevice.o
 .debug_info    0x0000b3f9      0xe4b ../../LUFA/Drivers/USB/Class/Device/RNDISClassDevice.o
 .debug_info    0x0000c244       0x61 ../../LUFA/Drivers/USB/Class/Host/AndroidAccessoryClassHost.o
 .debug_info    0x0000c2a5       0x61 ../../LUFA/Drivers/USB/Class/Host/AudioClassHost.o
 .debug_info    0x0000c306       0x61 ../../LUFA/Drivers/USB/Class/Host/CDCClassHost.o
 .debug_info    0x0000c367       0x61 ../../LUFA/Drivers/USB/Class/Host/HIDClassHost.o
 .debug_info    0x0000c3c8       0x61 ../../LUFA/Drivers/USB/Class/Host/MassStorageClassHost.o
 .debug_info    0x0000c429       0x61 ../../LUFA/Drivers/USB/Class/Host/MIDIClassHost.o
 .debug_info    0x0000c48a       0x61 ../../LUFA/Drivers/USB/Class/Host/PrinterClassHost.o
 .debug_info    0x0000c4eb       0x61 ../../LUFA/Drivers/USB/Class/Host/RNDISClassHost.o
 .debug_info    0x0000c54c       0x61 ../../LUFA/Drivers/USB/Class/Host/StillImageClassHost.o
 *(.gnu.linkonce.wi.*)

.debug_abbrev   0x00000000     0x3219
 *(.debug_abbrev)
 .debug_abbrev  0x00000000      0x354 USBtoSerial.o
 .debug_abbrev  0x00000354      0x1a0 Descriptors.o
 .debug_abbrev  0x000004f4      0x1a1 Lib/V2Protocol.o
 .debug_abbrev  0x00000695      0x130 Lib/V2ProtocolParams.o
 .debug_abbrev  0x000007c5      0x2ce Lib/ISP/ISPProtocol.o
 .debug_abbrev  0x00000a93      0x227 Lib/ISP/ISPTarget.o
 .debug_abbrev  0x00000cba      0x28a Lib/XPROG/XPROGProtocol.o
 .debug_abbrev  0x00000f44      0x14a Lib/XPROG/XPROGTarget.o
 .debug_abbrev  0x0000108e      0x11e Lib/XPROG/XMEGANVM.o
 .debug_abbrev  0x000011ac      0x10e Lib/XPROG/TINYNVM.o
 .debug_abbrev  0x000012ba      0x201 ../../LUFA/Drivers/USB/Class/Common/HIDParser.o
 .debug_abbrev  0x000014bb       0x79 ../../LUFA/Drivers/USB/Core/AVR8/Device_AVR8.o
 .debug_abbrev  0x00001534      0x1b4 ../../LUFA/Drivers/USB/Core/AVR8/EndpointStream_AVR8.o
 .debug_abbrev  0x000016e8      0x1e9 ../../LUFA/Drivers/USB/Core/AVR8/Endpoint_AVR8.o
 .debug_abbrev  0x000018d1       0x33 ../../LUFA/Drivers/USB/Core/AVR8/Host_AVR8.o
 .debug_abbrev  0x00001904       0x33 ../../LUFA/Drivers/USB/Core/AVR8/PipeStream_AVR8.o
 .debug_abbrev  0x00001937       0x33 ../../LUFA/Drivers/USB/Core/AVR8/Pipe_AVR8.o
 .debug_abbrev  0x0000196a      0x154 ../../LUFA/Drivers/USB/Core/AVR8/USBController_AVR8.o
 .debug_abbrev  0x00001abe      0x178 ../../LUFA/Drivers/USB/Core/AVR8/USBInterrupt_AVR8.o
 .debug_abbrev  0x00001c36      0x15c ../../LUFA/Drivers/USB/Core/ConfigDescriptors.o
 .debug_abbrev  0x00001d92      0x1ed ../../LUFA/Drivers/USB/Core/DeviceStandardReq.o
 .debug_abbrev  0x00001f7f       0x4a ../../LUFA/Drivers/USB/Core/Events.o
 .debug_abbrev  0x00001fc9       0x33 ../../LUFA/Drivers/USB/Core/HostStandardReq.o
 .debug_abbrev  0x00001ffc      0x174 ../../LUFA/Drivers/USB/Core/USBTask.o
 .debug_abbrev  0x00002170      0x169 ../../LUFA/Drivers/USB/Class/Device/AudioClassDevice.o
 .debug_abbrev  0x000022d9      0x319 ../../LUFA/Drivers/USB/Class/Device/CDCClassDevice.o
 .debug_abbrev  0x000025f2      0x1b1 ../../LUFA/Drivers/USB/Class/Device/HIDClassDevice.o
 .debug_abbrev  0x000027a3      0x20f ../../LUFA/Drivers/USB/Class/Device/MassStorageClassDevice.o
 .debug_abbrev  0x000029b2      0x18a ../../LUFA/Drivers/USB/Class/Device/MIDIClassDevice.o
 .debug_abbrev  0x00002b3c      0x262 ../../LUFA/Drivers/USB/Class/Device/PrinterClassDevice.o
 .debug_abbrev  0x00002d9e      0x2b0 ../../LUFA/Drivers/USB/Class/Device/RNDISClassDevice.o
 .debug_abbrev  0x0000304e       0x33 ../../LUFA/Drivers/USB/Class/Host/AndroidAccessoryClassHost.o
 .debug_abbrev  0x00003081       0x33 ../../LUFA/Drivers/USB/Class/Host/AudioClassHost.o
 .debug_abbrev  0x000030b4       0x33 ../../LUFA/Drivers/USB/Class/Host/CDCClassHost.o
 .debug_abbrev  0x000030e7       0x33 ../../LUFA/Drivers/USB/Class/Host/HIDClassHost.o
 .debug_abbrev  0x0000311a       0x33 ../../LUFA/Drivers/USB/Class/Host/MassStorageClassHost.o
 .debug_abbrev  0x0000314d       0x33 ../../LUFA/Drivers/USB/Class/Host/MIDIClassHost.o
 .debug_abbrev  0x00003180       0x33 ../../LUFA/Drivers/USB/Class/Host/PrinterClassHost.o
 .debug_abbrev  0x000031b3       0x33 ../../LUFA/Drivers/USB/Class/Host/RNDISClassHost.o
 .debug_abbrev  0x000031e6       0x33 ../../LUFA/Drivers/USB/Class/Host/StillImageClassHost.o

.debug_line     0x00000000     0x9a8d
 *(.debug_line)
 .debug_line    0x00000000      0xa3d USBtoSerial.o
 .debug_line    0x00000a3d      0x249 Descriptors.o
 .debug_line    0x00000c86      0x3ea Lib/V2Protocol.o
 .debug_line    0x00001070      0x216 Lib/V2ProtocolParams.o
 .debug_line    0x00001286      0xb64 Lib/ISP/ISPProtocol.o
 .debug_line    0x00001dea      0x53a Lib/ISP/ISPTarget.o
 .debug_line    0x00002324      0x652 Lib/XPROG/XPROGProtocol.o
 .debug_line    0x00002976      0x41f Lib/XPROG/XPROGTarget.o
 .debug_line    0x00002d95      0x620 Lib/XPROG/XMEGANVM.o
 .debug_line    0x000033b5      0x383 Lib/XPROG/TINYNVM.o
 .debug_line    0x00003738      0x59a ../../LUFA/Drivers/USB/Class/Common/HIDParser.o
 .debug_line    0x00003cd2      0x127 ../../LUFA/Drivers/USB/Core/AVR8/Device_AVR8.o
 .debug_line    0x00003df9     0x183d ../../LUFA/Drivers/USB/Core/AVR8/EndpointStream_AVR8.o
 .debug_line    0x00005636      0x471 ../../LUFA/Drivers/USB/Core/AVR8/Endpoint_AVR8.o
 .debug_line    0x00005aa7       0x3e ../../LUFA/Drivers/USB/Core/AVR8/Host_AVR8.o
 .debug_line    0x00005ae5       0x3e ../../LUFA/Drivers/USB/Core/AVR8/PipeStream_AVR8.o
 .debug_line    0x00005b23       0x3e ../../LUFA/Drivers/USB/Core/AVR8/Pipe_AVR8.o
 .debug_line    0x00005b61      0x33f ../../LUFA/Drivers/USB/Core/AVR8/USBController_AVR8.o
 .debug_line    0x00005ea0      0x425 ../../LUFA/Drivers/USB/Core/AVR8/USBInterrupt_AVR8.o
 .debug_line    0x000062c5      0x240 ../../LUFA/Drivers/USB/Core/ConfigDescriptors.o
 .debug_line    0x00006505      0x471 ../../LUFA/Drivers/USB/Core/DeviceStandardReq.o
 .debug_line    0x00006976       0x80 ../../LUFA/Drivers/USB/Core/Events.o
 .debug_line    0x000069f6       0x3e ../../LUFA/Drivers/USB/Core/HostStandardReq.o
 .debug_line    0x00006a34      0x1a7 ../../LUFA/Drivers/USB/Core/USBTask.o
 .debug_line    0x00006bdb      0x4a7 ../../LUFA/Drivers/USB/Class/Device/AudioClassDevice.o
 .debug_line    0x00007082      0x982 ../../LUFA/Drivers/USB/Class/Device/CDCClassDevice.o
 .debug_line    0x00007a04      0x59c ../../LUFA/Drivers/USB/Class/Device/HIDClassDevice.o
 .debug_line    0x00007fa0      0x5ac ../../LUFA/Drivers/USB/Class/Device/MassStorageClassDevice.o
 .debug_line    0x0000854c      0x39f ../../LUFA/Drivers/USB/Class/Device/MIDIClassDevice.o
 .debug_line    0x000088eb      0x817 ../../LUFA/Drivers/USB/Class/Device/PrinterClassDevice.o
 .debug_line    0x00009102      0x75d ../../LUFA/Drivers/USB/Class/Device/RNDISClassDevice.o
 .debug_line    0x0000985f       0x3e ../../LUFA/Drivers/USB/Class/Host/AndroidAccessoryClassHost.o
 .debug_line    0x0000989d       0x3e ../../LUFA/Drivers/USB/Class/Host/AudioClassHost.o
 .debug_line    0x000098db       0x3e ../../LUFA/Drivers/USB/Class/Host/CDCClassHost.o
 .debug_line    0x00009919       0x3e ../../LUFA/Drivers/USB/Class/Host/HIDClassHost.o
 .debug_line    0x00009957       0x3e ../../LUFA/Drivers/USB/Class/Host/MassStorageClassHost.o
 .debug_line    0x00009995       0x3e ../../LUFA/Drivers/USB/Class/Host/MIDIClassHost.o
 .debug_line    0x000099d3       0x3e ../../LUFA/Drivers/USB/Class/Host/PrinterClassHost.o
 .debug_line    0x00009a11       0x3e ../../LUFA/Drivers/USB/Class/Host/RNDISClassHost.o
 .debug_line    0x00009a4f       0x3e ../../LUFA/Drivers/USB/Class/Host/StillImageClassHost.o

.debug_frame    0x00000000      0xcc0
 *(.debug_frame)
 .debug_frame   0x00000000       0xf0 USBtoSerial.o
 .debug_frame   0x000000f0       0x30 Descriptors.o
 .debug_frame   0x00000120       0x40 Lib/V2Protocol.o
 .debug_frame   0x00000160       0x70 Lib/V2ProtocolParams.o
 .debug_frame   0x000001d0       0xb0 Lib/ISP/ISPProtocol.o
 .debug_frame   0x00000280       0xc0 Lib/ISP/ISPTarget.o
 .debug_frame   0x00000340       0x50 Lib/XPROG/XPROGProtocol.o
 .debug_frame   0x00000390       0xa0 Lib/XPROG/XPROGTarget.o
 .debug_frame   0x00000430       0xc0 Lib/XPROG/XMEGANVM.o
 .debug_frame   0x000004f0       0xa0 Lib/XPROG/TINYNVM.o
 .debug_frame   0x00000590       0x50 ../../LUFA/Drivers/USB/Class/Common/HIDParser.o
 .debug_frame   0x000005e0       0x20 ../../LUFA/Drivers/USB/Core/AVR8/Device_AVR8.o
 .debug_frame   0x00000600      0x170 ../../LUFA/Drivers/USB/Core/AVR8/EndpointStream_AVR8.o
 .debug_frame   0x00000770       0x60 ../../LUFA/Drivers/USB/Core/AVR8/Endpoint_AVR8.o
 .debug_frame   0x000007d0       0x40 ../../LUFA/Drivers/USB/Core/AVR8/USBController_AVR8.o
 .debug_frame   0x00000810       0x40 ../../LUFA/Drivers/USB/Core/AVR8/USBInterrupt_AVR8.o
 .debug_frame   0x00000850       0x50 ../../LUFA/Drivers/USB/Core/ConfigDescriptors.o
 .debug_frame   0x000008a0       0x20 ../../LUFA/Drivers/USB/Core/DeviceStandardReq.o
 .debug_frame   0x000008c0       0x20 ../../LUFA/Drivers/USB/Core/Events.o
 .debug_frame   0x000008e0       0x20 ../../LUFA/Drivers/USB/Core/USBTask.o
 .debug_frame   0x00000900       0x40 ../../LUFA/Drivers/USB/Class/Device/AudioClassDevice.o
 .debug_frame   0x00000940      0x130 ../../LUFA/Drivers/USB/Class/Device/CDCClassDevice.o
 .debug_frame   0x00000a70       0x40 ../../LUFA/Drivers/USB/Class/Device/HIDClassDevice.o
 .debug_frame   0x00000ab0       0x40 ../../LUFA/Drivers/USB/Class/Device/MassStorageClassDevice.o
 .debug_frame   0x00000af0       0x60 ../../LUFA/Drivers/USB/Class/Device/MIDIClassDevice.o
 .debug_frame   0x00000b50      0x100 ../../LUFA/Drivers/USB/Class/Device/PrinterClassDevice.o
 .debug_frame   0x00000c50       0x70 ../../LUFA/Drivers/USB/Class/Device/RNDISClassDevice.o

.debug_str      0x00000000     0x49e3
 *(.debug_str)
 .debug_str     0x00000000      0x7cf USBtoSerial.o
                                0x869 (size before relaxing)
 .debug_str     0x000007cf      0x76c Descriptors.o
                                0x8c9 (size before relaxing)
 .debug_str     0x00000f3b      0x194 Lib/V2Protocol.o
                                0x28d (size before relaxing)
 .debug_str     0x000010cf      0x151 Lib/V2ProtocolParams.o
                                0x238 (size before relaxing)
 .debug_str     0x00001220      0x484 Lib/ISP/ISPProtocol.o
                                0x633 (size before relaxing)
 .debug_str     0x000016a4      0x1bc Lib/ISP/ISPTarget.o
                                0x37d (size before relaxing)
 .debug_str     0x00001860      0x2f0 Lib/XPROG/XPROGProtocol.o
                                0x4a0 (size before relaxing)
 .debug_str     0x00001b50      0x11f Lib/XPROG/XPROGTarget.o
                                0x229 (size before relaxing)
 .debug_str     0x00001c6f      0x197 Lib/XPROG/XMEGANVM.o
                                0x307 (size before relaxing)
 .debug_str     0x00001e06      0x113 Lib/XPROG/TINYNVM.o
                                0x27f (size before relaxing)
 .debug_str     0x00001f19      0x481 ../../LUFA/Drivers/USB/Class/Common/HIDParser.o
                                0x5c1 (size before relaxing)
 .debug_str     0x0000239a       0x77 ../../LUFA/Drivers/USB/Core/AVR8/Device_AVR8.o
                                0x11c (size before relaxing)
 .debug_str     0x00002411      0x4fc ../../LUFA/Drivers/USB/Core/AVR8/EndpointStream_AVR8.o
                                0x73a (size before relaxing)
 .debug_str     0x0000290d      0x1a6 ../../LUFA/Drivers/USB/Core/AVR8/Endpoint_AVR8.o
                                0x513 (size before relaxing)
 .debug_str     0x00002ab3       0x2d ../../LUFA/Drivers/USB/Core/AVR8/Host_AVR8.o
                                 0xcc (size before relaxing)
 .debug_str     0x00002ae0       0x33 ../../LUFA/Drivers/USB/Core/AVR8/PipeStream_AVR8.o
                                 0xd2 (size before relaxing)
 .debug_str     0x00002b13       0x2d ../../LUFA/Drivers/USB/Core/AVR8/Pipe_AVR8.o
                                 0xcc (size before relaxing)
 .debug_str     0x00002b40      0x1ca ../../LUFA/Drivers/USB/Core/AVR8/USBController_AVR8.o
                                0x3b6 (size before relaxing)
 .debug_str     0x00002d0a       0xd6 ../../LUFA/Drivers/USB/Core/AVR8/USBInterrupt_AVR8.o
                                0x36e (size before relaxing)
 .debug_str     0x00002de0      0x21d ../../LUFA/Drivers/USB/Core/ConfigDescriptors.o
                                0x2ea (size before relaxing)
 .debug_str     0x00002ffd      0x336 ../../LUFA/Drivers/USB/Core/DeviceStandardReq.o
                                0x645 (size before relaxing)
 .debug_str     0x00003333       0x34 ../../LUFA/Drivers/USB/Core/Events.o
                                 0xd3 (size before relaxing)
 .debug_str     0x00003367       0x2e ../../LUFA/Drivers/USB/Core/HostStandardReq.o
                                 0xcd (size before relaxing)
 .debug_str     0x00003395       0x6a ../../LUFA/Drivers/USB/Core/USBTask.o
                                0x27a (size before relaxing)
 .debug_str     0x000033ff      0x239 ../../LUFA/Drivers/USB/Class/Device/AudioClassDevice.o
                                0x4fa (size before relaxing)
 .debug_str     0x00003638      0x328 ../../LUFA/Drivers/USB/Class/Device/CDCClassDevice.o
                                0x8dc (size before relaxing)
 .debug_str     0x00003960      0x1ed ../../LUFA/Drivers/USB/Class/Device/HIDClassDevice.o
                                0x529 (size before relaxing)
 .debug_str     0x00003b4d      0x23d ../../LUFA/Drivers/USB/Class/Device/MassStorageClassDevice.o
                                0x68a (size before relaxing)
 .debug_str     0x00003d8a      0x118 ../../LUFA/Drivers/USB/Class/Device/MIDIClassDevice.o
                                0x528 (size before relaxing)
 .debug_str     0x00003ea2      0x26c ../../LUFA/Drivers/USB/Class/Device/PrinterClassDevice.o
                                0x7c2 (size before relaxing)
 .debug_str     0x0000410e      0x6f7 ../../LUFA/Drivers/USB/Class/Device/RNDISClassDevice.o
                                0xbd1 (size before relaxing)
 .debug_str     0x00004805       0x3e ../../LUFA/Drivers/USB/Class/Host/AndroidAccessoryClassHost.o
                                 0xdd (size before relaxing)
 .debug_str     0x00004843       0x33 ../../LUFA/Drivers/USB/Class/Host/AudioClassHost.o
                                 0xd2 (size before relaxing)
 .debug_str     0x00004876       0x31 ../../LUFA/Drivers/USB/Class/Host/CDCClassHost.o
                                 0xd0 (size before relaxing)
 .debug_str     0x000048a7       0x31 ../../LUFA/Drivers/USB/Class/Host/HIDClassHost.o
                                 0xd0 (size before relaxing)
 .debug_str     0x000048d8       0x39 ../../LUFA/Drivers/USB/Class/Host/MassStorageClassHost.o
                                 0xd8 (size before relaxing)
 .debug_str     0x00004911       0x32 ../../LUFA/Drivers/USB/Class/Host/MIDIClassHost.o
                                 0xd1 (size before relaxing)
 .debug_str     0x00004943       0x35 ../../LUFA/Drivers/USB/Class/Host/PrinterClassHost.o
                                 0xd4 (size before relaxing)
 .debug_str     0x00004978       0x33 ../../LUFA/Drivers/USB/Class/Host/RNDISClassHost.o
                                 0xd2 (size before relaxing)
 .debug_str     0x000049ab       0x38 ../../LUFA/Drivers/USB/Class/Host/StillImageClassHost.o
                                 0xd7 (size before relaxing)

.debug_loc      0x00000000     0x4fb1
 *(.debug_loc)
 .debug_loc     0x00000000      0x365 USBtoSerial.o
 .debug_loc     0x00000365      0x4b0 Descriptors.o
 .debug_loc     0x00000815       0x83 Lib/V2Protocol.o
 .debug_loc     0x00000898      0x1b6 Lib/V2ProtocolParams.o
 .debug_loc     0x00000a4e      0x306 Lib/ISP/ISPProtocol.o
 .debug_loc     0x00000d54      0x1fd Lib/ISP/ISPTarget.o
 .debug_loc     0x00000f51      0x40b Lib/XPROG/XPROGProtocol.o
 .debug_loc     0x0000135c       0x4e Lib/XPROG/XPROGTarget.o
 .debug_loc     0x000013aa      0x3d6 Lib/XPROG/XMEGANVM.o
 .debug_loc     0x00001780      0x1d8 Lib/XPROG/TINYNVM.o
 .debug_loc     0x00001958      0x55c ../../LUFA/Drivers/USB/Class/Common/HIDParser.o
 .debug_loc     0x00001eb4     0x182a ../../LUFA/Drivers/USB/Core/AVR8/EndpointStream_AVR8.o
 .debug_loc     0x000036de      0x111 ../../LUFA/Drivers/USB/Core/AVR8/Endpoint_AVR8.o
 .debug_loc     0x000037ef      0x2c7 ../../LUFA/Drivers/USB/Core/ConfigDescriptors.o
 .debug_loc     0x00003ab6      0x1e4 ../../LUFA/Drivers/USB/Core/DeviceStandardReq.o
 .debug_loc     0x00003c9a      0x25d ../../LUFA/Drivers/USB/Class/Device/AudioClassDevice.o
 .debug_loc     0x00003ef7      0x524 ../../LUFA/Drivers/USB/Class/Device/CDCClassDevice.o
 .debug_loc     0x0000441b      0x141 ../../LUFA/Drivers/USB/Class/Device/HIDClassDevice.o
 .debug_loc     0x0000455c       0x96 ../../LUFA/Drivers/USB/Class/Device/MassStorageClassDevice.o
 .debug_loc     0x000045f2      0x19f ../../LUFA/Drivers/USB/Class/Device/MIDIClassDevice.o
 .debug_loc     0x00004791      0x3bc ../../LUFA/Drivers/USB/Class/Device/PrinterClassDevice.o
 .debug_loc     0x00004b4d      0x464 ../../LUFA/Drivers/USB/Class/Device/RNDISClassDevice.o

.debug_macinfo
 *(.debug_macinfo)
OUTPUT(USBtoSerial.elf elf32-avr)
LOAD linker stubs

.debug_ranges   0x00000000      0x918
 .debug_ranges  0x00000000       0x80 USBtoSerial.o
 .debug_ranges  0x00000080       0x20 Descriptors.o
 .debug_ranges  0x000000a0       0x48 Lib/V2Protocol.o
 .debug_ranges  0x000000e8       0x40 Lib/V2ProtocolParams.o
 .debug_ranges  0x00000128       0x60 Lib/ISP/ISPProtocol.o
 .debug_ranges  0x00000188       0x68 Lib/ISP/ISPTarget.o
 .debug_ranges  0x000001f0       0xd0 Lib/XPROG/XPROGProtocol.o
 .debug_ranges  0x000002c0       0x58 Lib/XPROG/XPROGTarget.o
 .debug_ranges  0x00000318       0x68 Lib/XPROG/XMEGANVM.o
 .debug_ranges  0x00000380       0x58 Lib/XPROG/TINYNVM.o
 .debug_ranges  0x000003d8       0xa0 ../../LUFA/Drivers/USB/Class/Common/HIDParser.o
 .debug_ranges  0x00000478       0x18 ../../LUFA/Drivers/USB/Core/AVR8/Device_AVR8.o
 .debug_ranges  0x00000490       0xc0 ../../LUFA/Drivers/USB/Core/AVR8/EndpointStream_AVR8.o
 .debug_ranges  0x00000550       0x50 ../../LUFA/Drivers/USB/Core/AVR8/Endpoint_AVR8.o
 .debug_ranges  0x000005a0       0x28 ../../LUFA/Drivers/USB/Core/AVR8/USBController_AVR8.o
 .debug_ranges  0x000005c8       0x28 ../../LUFA/Drivers/USB/Core/AVR8/USBInterrupt_AVR8.o
 .debug_ranges  0x000005f0       0x30 ../../LUFA/Drivers/USB/Core/ConfigDescriptors.o
 .debug_ranges  0x00000620       0x18 ../../LUFA/Drivers/USB/Core/DeviceStandardReq.o
 .debug_ranges  0x00000638       0x18 ../../LUFA/Drivers/USB/Core/Events.o
 .debug_ranges  0x00000650       0x18 ../../LUFA/Drivers/USB/Core/USBTask.o
 .debug_ranges  0x00000668       0x28 ../../LUFA/Drivers/USB/Class/Device/AudioClassDevice.o
 .debug_ranges  0x00000690       0xa0 ../../LUFA/Drivers/USB/Class/Device/CDCClassDevice.o
 .debug_ranges  0x00000730       0x28 ../../LUFA/Drivers/USB/Class/Device/HIDClassDevice.o
 .debug_ranges  0x00000758       0x78 ../../LUFA/Drivers/USB/Class/Device/MassStorageClassDevice.o
 .debug_ranges  0x000007d0       0x38 ../../LUFA/Drivers/USB/Class/Device/MIDIClassDevice.o
 .debug_ranges  0x00000808       0x88 ../../LUFA/Drivers/USB/Class/Device/PrinterClassDevice.o
 .debug_ranges  0x00000890       0x88 ../../LUFA/Drivers/USB/Class/Device/RNDISClassDevice.o

Cross Reference Table

Symbol                                            File
AVRISP_ConfigurationDescriptor                    Descriptors.o
AVRISP_DeviceDescriptor                           Descriptors.o
AVRISP_GetDescriptor                              Descriptors.o
                                                  USBtoSerial.o
AVRISP_LanguageString                             Descriptors.o
AVRISP_ManufacturerString                         Descriptors.o
AVRISP_ProductString                              Descriptors.o
AVRISP_SerialString                               Descriptors.o
AVRISP_Task                                       USBtoSerial.o
Audio_Device_ConfigureEndpoints                   ../../LUFA/Drivers/USB/Class/Device/AudioClassDevice.o
Audio_Device_Event_Stub                           ../../LUFA/Drivers/USB/Class/Device/AudioClassDevice.o
Audio_Device_ProcessControlRequest                ../../LUFA/Drivers/USB/Class/Device/AudioClassDevice.o
CALLBACK_Audio_Device_GetSetEndpointProperty      ../../LUFA/Drivers/USB/Class/Device/AudioClassDevice.o
CALLBACK_Audio_Device_GetSetInterfaceProperty     ../../LUFA/Drivers/USB/Class/Device/AudioClassDevice.o
CALLBACK_HIDParser_FilterHIDReportItem            ../../LUFA/Drivers/USB/Class/Common/HIDParser.o
CALLBACK_HID_Device_CreateHIDReport               ../../LUFA/Drivers/USB/Class/Device/HIDClassDevice.o
CALLBACK_HID_Device_ProcessHIDReport              ../../LUFA/Drivers/USB/Class/Device/HIDClassDevice.o
CALLBACK_MS_Device_SCSICommandReceived            ../../LUFA/Drivers/USB/Class/Device/MassStorageClassDevice.o
CALLBACK_USB_GetDescriptor                        USBtoSerial.o
                                                  ../../LUFA/Drivers/USB/Core/DeviceStandardReq.o
CDC_Device_BytesReceived                          ../../LUFA/Drivers/USB/Class/Device/CDCClassDevice.o
CDC_Device_ConfigureEndpoints                     ../../LUFA/Drivers/USB/Class/Device/CDCClassDevice.o
                                                  USBtoSerial.o
CDC_Device_CreateBlockingStream                   ../../LUFA/Drivers/USB/Class/Device/CDCClassDevice.o
CDC_Device_CreateStream                           ../../LUFA/Drivers/USB/Class/Device/CDCClassDevice.o
CDC_Device_Event_Stub                             ../../LUFA/Drivers/USB/Class/Device/CDCClassDevice.o
CDC_Device_Flush                                  ../../LUFA/Drivers/USB/Class/Device/CDCClassDevice.o
CDC_Device_ProcessControlRequest                  ../../LUFA/Drivers/USB/Class/Device/CDCClassDevice.o
                                                  USBtoSerial.o
CDC_Device_ReceiveByte                            ../../LUFA/Drivers/USB/Class/Device/CDCClassDevice.o
                                                  USBtoSerial.o
CDC_Device_SendByte                               ../../LUFA/Drivers/USB/Class/Device/CDCClassDevice.o
                                                  USBtoSerial.o
CDC_Device_SendControlLineStateChange             ../../LUFA/Drivers/USB/Class/Device/CDCClassDevice.o
CDC_Device_SendData                               ../../LUFA/Drivers/USB/Class/Device/CDCClassDevice.o
CDC_Device_SendData_P                             ../../LUFA/Drivers/USB/Class/Device/CDCClassDevice.o
CDC_Device_SendString                             ../../LUFA/Drivers/USB/Class/Device/CDCClassDevice.o
CDC_Device_SendString_P                           ../../LUFA/Drivers/USB/Class/Device/CDCClassDevice.o
CDC_Device_USBTask                                ../../LUFA/Drivers/USB/Class/Device/CDCClassDevice.o
                                                  USBtoSerial.o
CurrentAddress                                    Lib/ISP/ISPTarget.o
                                                  Lib/ISP/ISPProtocol.o
                                                  Lib/V2Protocol.o
CurrentFirmwareMode                               USBtoSerial.o
EVENT_Audio_Device_StreamStartStop                ../../LUFA/Drivers/USB/Class/Device/AudioClassDevice.o
EVENT_CDC_Device_BreakSent                        ../../LUFA/Drivers/USB/Class/Device/CDCClassDevice.o
EVENT_CDC_Device_ControLineStateChanged           USBtoSerial.o
EVENT_CDC_Device_LineEncodingChanged              USBtoSerial.o
EVENT_PRNT_Device_SoftReset                       ../../LUFA/Drivers/USB/Class/Device/PrinterClassDevice.o
EVENT_USB_Device_ConfigurationChanged             USBtoSerial.o
                                                  ../../LUFA/Drivers/USB/Core/DeviceStandardReq.o
EVENT_USB_Device_Connect                          USBtoSerial.o
                                                  ../../LUFA/Drivers/USB/Core/AVR8/USBInterrupt_AVR8.o
EVENT_USB_Device_ControlRequest                   USBtoSerial.o
                                                  ../../LUFA/Drivers/USB/Core/DeviceStandardReq.o
EVENT_USB_Device_Disconnect                       USBtoSerial.o
                                                  ../../LUFA/Drivers/USB/Core/AVR8/USBInterrupt_AVR8.o
EVENT_USB_Device_Reset                            ../../LUFA/Drivers/USB/Core/Events.o
                                                  ../../LUFA/Drivers/USB/Core/AVR8/USBInterrupt_AVR8.o
EVENT_USB_Device_StartOfFrame                     ../../LUFA/Drivers/USB/Core/Events.o
EVENT_USB_Device_Suspend                          ../../LUFA/Drivers/USB/Core/Events.o
EVENT_USB_Device_WakeUp                           ../../LUFA/Drivers/USB/Core/Events.o
Endpoint_ClearEndpoints                           ../../LUFA/Drivers/USB/Core/AVR8/Endpoint_AVR8.o
Endpoint_ClearStatusStage                         ../../LUFA/Drivers/USB/Core/AVR8/Endpoint_AVR8.o
                                                  ../../LUFA/Drivers/USB/Class/Device/PrinterClassDevice.o
                                                  ../../LUFA/Drivers/USB/Class/Device/MassStorageClassDevice.o
                                                  ../../LUFA/Drivers/USB/Class/Device/HIDClassDevice.o
                                                  ../../LUFA/Drivers/USB/Class/Device/CDCClassDevice.o
                                                  ../../LUFA/Drivers/USB/Class/Device/AudioClassDevice.o
                                                  ../../LUFA/Drivers/USB/Core/DeviceStandardReq.o
Endpoint_ConfigureEndpointTable                   ../../LUFA/Drivers/USB/Core/AVR8/Endpoint_AVR8.o
                                                  ../../LUFA/Drivers/USB/Class/Device/RNDISClassDevice.o
                                                  ../../LUFA/Drivers/USB/Class/Device/PrinterClassDevice.o
                                                  ../../LUFA/Drivers/USB/Class/Device/MIDIClassDevice.o
                                                  ../../LUFA/Drivers/USB/Class/Device/MassStorageClassDevice.o
                                                  ../../LUFA/Drivers/USB/Class/Device/HIDClassDevice.o
                                                  ../../LUFA/Drivers/USB/Class/Device/CDCClassDevice.o
                                                  ../../LUFA/Drivers/USB/Class/Device/AudioClassDevice.o
Endpoint_ConfigureEndpoint_Prv                    ../../LUFA/Drivers/USB/Core/AVR8/Endpoint_AVR8.o
                                                  ../../LUFA/Drivers/USB/Core/AVR8/USBInterrupt_AVR8.o
                                                  ../../LUFA/Drivers/USB/Core/AVR8/USBController_AVR8.o
                                                  USBtoSerial.o
Endpoint_Discard_Stream                           ../../LUFA/Drivers/USB/Core/AVR8/EndpointStream_AVR8.o
Endpoint_Null_Stream                              ../../LUFA/Drivers/USB/Core/AVR8/EndpointStream_AVR8.o
Endpoint_Read_Control_EStream_BE                  ../../LUFA/Drivers/USB/Core/AVR8/EndpointStream_AVR8.o
Endpoint_Read_Control_EStream_LE                  ../../LUFA/Drivers/USB/Core/AVR8/EndpointStream_AVR8.o
Endpoint_Read_Control_Stream_BE                   ../../LUFA/Drivers/USB/Core/AVR8/EndpointStream_AVR8.o
Endpoint_Read_Control_Stream_LE                   ../../LUFA/Drivers/USB/Core/AVR8/EndpointStream_AVR8.o
                                                  ../../LUFA/Drivers/USB/Class/Device/RNDISClassDevice.o
                                                  ../../LUFA/Drivers/USB/Class/Device/HIDClassDevice.o
                                                  ../../LUFA/Drivers/USB/Class/Device/AudioClassDevice.o
Endpoint_Read_EStream_BE                          ../../LUFA/Drivers/USB/Core/AVR8/EndpointStream_AVR8.o
Endpoint_Read_EStream_LE                          ../../LUFA/Drivers/USB/Core/AVR8/EndpointStream_AVR8.o
Endpoint_Read_Stream_BE                           ../../LUFA/Drivers/USB/Core/AVR8/EndpointStream_AVR8.o
                                                  Lib/V2Protocol.o
Endpoint_Read_Stream_LE                           ../../LUFA/Drivers/USB/Core/AVR8/EndpointStream_AVR8.o
                                                  ../../LUFA/Drivers/USB/Class/Device/RNDISClassDevice.o
                                                  ../../LUFA/Drivers/USB/Class/Device/MIDIClassDevice.o
                                                  ../../LUFA/Drivers/USB/Class/Device/MassStorageClassDevice.o
                                                  Lib/XPROG/XPROGProtocol.o
                                                  Lib/ISP/ISPProtocol.o
Endpoint_WaitUntilReady                           ../../LUFA/Drivers/USB/Core/AVR8/Endpoint_AVR8.o
                                                  ../../LUFA/Drivers/USB/Class/Device/RNDISClassDevice.o
                                                  ../../LUFA/Drivers/USB/Class/Device/PrinterClassDevice.o
                                                  ../../LUFA/Drivers/USB/Class/Device/MIDIClassDevice.o
                                                  ../../LUFA/Drivers/USB/Class/Device/CDCClassDevice.o
                                                  ../../LUFA/Drivers/USB/Core/AVR8/EndpointStream_AVR8.o
                                                  Lib/XPROG/XPROGProtocol.o
                                                  Lib/ISP/ISPProtocol.o
                                                  Lib/V2Protocol.o
Endpoint_Write_Control_EStream_BE                 ../../LUFA/Drivers/USB/Core/AVR8/EndpointStream_AVR8.o
Endpoint_Write_Control_EStream_LE                 ../../LUFA/Drivers/USB/Core/AVR8/EndpointStream_AVR8.o
                                                  ../../LUFA/Drivers/USB/Core/DeviceStandardReq.o
Endpoint_Write_Control_PStream_BE                 ../../LUFA/Drivers/USB/Core/AVR8/EndpointStream_AVR8.o
Endpoint_Write_Control_PStream_LE                 ../../LUFA/Drivers/USB/Core/AVR8/EndpointStream_AVR8.o
                                                  ../../LUFA/Drivers/USB/Core/DeviceStandardReq.o
Endpoint_Write_Control_Stream_BE                  ../../LUFA/Drivers/USB/Core/AVR8/EndpointStream_AVR8.o
Endpoint_Write_Control_Stream_LE                  ../../LUFA/Drivers/USB/Core/AVR8/EndpointStream_AVR8.o
                                                  ../../LUFA/Drivers/USB/Class/Device/RNDISClassDevice.o
                                                  ../../LUFA/Drivers/USB/Class/Device/PrinterClassDevice.o
                                                  ../../LUFA/Drivers/USB/Class/Device/HIDClassDevice.o
                                                  ../../LUFA/Drivers/USB/Class/Device/AudioClassDevice.o
                                                  ../../LUFA/Drivers/USB/Core/DeviceStandardReq.o
Endpoint_Write_EStream_BE                         ../../LUFA/Drivers/USB/Core/AVR8/EndpointStream_AVR8.o
Endpoint_Write_EStream_LE                         ../../LUFA/Drivers/USB/Core/AVR8/EndpointStream_AVR8.o
Endpoint_Write_PStream_BE                         ../../LUFA/Drivers/USB/Core/AVR8/EndpointStream_AVR8.o
Endpoint_Write_PStream_LE                         ../../LUFA/Drivers/USB/Core/AVR8/EndpointStream_AVR8.o
                                                  ../../LUFA/Drivers/USB/Class/Device/CDCClassDevice.o
Endpoint_Write_Stream_BE                          ../../LUFA/Drivers/USB/Core/AVR8/EndpointStream_AVR8.o
Endpoint_Write_Stream_LE                          ../../LUFA/Drivers/USB/Core/AVR8/EndpointStream_AVR8.o
                                                  ../../LUFA/Drivers/USB/Class/Device/RNDISClassDevice.o
                                                  ../../LUFA/Drivers/USB/Class/Device/PrinterClassDevice.o
                                                  ../../LUFA/Drivers/USB/Class/Device/MIDIClassDevice.o
                                                  ../../LUFA/Drivers/USB/Class/Device/MassStorageClassDevice.o
                                                  ../../LUFA/Drivers/USB/Class/Device/HIDClassDevice.o
                                                  ../../LUFA/Drivers/USB/Class/Device/CDCClassDevice.o
                                                  Lib/XPROG/XPROGProtocol.o
                                                  Lib/V2Protocol.o
HID_Device_ConfigureEndpoints                     ../../LUFA/Drivers/USB/Class/Device/HIDClassDevice.o
HID_Device_ProcessControlRequest                  ../../LUFA/Drivers/USB/Class/Device/HIDClassDevice.o
HID_Device_USBTask                                ../../LUFA/Drivers/USB/Class/Device/HIDClassDevice.o
HardwareSPIMode                                   Lib/ISP/ISPTarget.o
                                                  Lib/ISP/ISPProtocol.o
ISPProtocol_ChipErase                             Lib/ISP/ISPProtocol.o
                                                  Lib/V2Protocol.o
ISPProtocol_DelayMS                               Lib/ISP/ISPProtocol.o
                                                  Lib/ISP/ISPTarget.o
ISPProtocol_EnterISPMode                          Lib/ISP/ISPProtocol.o
                                                  Lib/V2Protocol.o
ISPProtocol_LeaveISPMode                          Lib/ISP/ISPProtocol.o
                                                  Lib/V2Protocol.o
ISPProtocol_ProgramMemory                         Lib/ISP/ISPProtocol.o
                                                  Lib/V2Protocol.o
ISPProtocol_ReadFuseLockSigOSCCAL                 Lib/ISP/ISPProtocol.o
                                                  Lib/V2Protocol.o
ISPProtocol_ReadMemory                            Lib/ISP/ISPProtocol.o
                                                  Lib/V2Protocol.o
ISPProtocol_SPIMulti                              Lib/ISP/ISPProtocol.o
                                                  Lib/V2Protocol.o
ISPProtocol_WriteFuseLock                         Lib/ISP/ISPProtocol.o
                                                  Lib/V2Protocol.o
ISPTarget_ChangeTargetResetLine                   Lib/ISP/ISPTarget.o
                                                  Lib/ISP/ISPProtocol.o
ISPTarget_ConfigureRescueClock                    Lib/ISP/ISPTarget.o
                                                  Lib/V2Protocol.o
ISPTarget_ConfigureSoftwareSPI                    Lib/ISP/ISPTarget.o
ISPTarget_DisableTargetISP                        Lib/ISP/ISPTarget.o
                                                  Lib/ISP/ISPProtocol.o
ISPTarget_EnableTargetISP                         Lib/ISP/ISPTarget.o
                                                  Lib/ISP/ISPProtocol.o
ISPTarget_LoadExtendedAddress                     Lib/ISP/ISPTarget.o
                                                  Lib/ISP/ISPProtocol.o
ISPTarget_TransferSoftSPIByte                     Lib/ISP/ISPTarget.o
                                                  Lib/ISP/ISPProtocol.o
ISPTarget_WaitForProgComplete                     Lib/ISP/ISPTarget.o
                                                  Lib/ISP/ISPProtocol.o
ISPTarget_WaitWhileTargetBusy                     Lib/ISP/ISPTarget.o
                                                  Lib/ISP/ISPProtocol.o
IsSending                                         Lib/XPROG/XPROGTarget.o
MIDI_Device_ConfigureEndpoints                    ../../LUFA/Drivers/USB/Class/Device/MIDIClassDevice.o
MIDI_Device_Flush                                 ../../LUFA/Drivers/USB/Class/Device/MIDIClassDevice.o
MIDI_Device_ReceiveEventPacket                    ../../LUFA/Drivers/USB/Class/Device/MIDIClassDevice.o
MIDI_Device_SendEventPacket                       ../../LUFA/Drivers/USB/Class/Device/MIDIClassDevice.o
MIDI_Device_USBTask                               ../../LUFA/Drivers/USB/Class/Device/MIDIClassDevice.o
MS_Device_ConfigureEndpoints                      ../../LUFA/Drivers/USB/Class/Device/MassStorageClassDevice.o
MS_Device_ProcessControlRequest                   ../../LUFA/Drivers/USB/Class/Device/MassStorageClassDevice.o
MS_Device_USBTask                                 ../../LUFA/Drivers/USB/Class/Device/MassStorageClassDevice.o
MustLoadExtendedAddress                           Lib/ISP/ISPProtocol.o
                                                  Lib/V2Protocol.o
PRNT_Device_BytesReceived                         ../../LUFA/Drivers/USB/Class/Device/PrinterClassDevice.o
PRNT_Device_ConfigureEndpoints                    ../../LUFA/Drivers/USB/Class/Device/PrinterClassDevice.o
PRNT_Device_CreateBlockingStream                  ../../LUFA/Drivers/USB/Class/Device/PrinterClassDevice.o
PRNT_Device_CreateStream                          ../../LUFA/Drivers/USB/Class/Device/PrinterClassDevice.o
PRNT_Device_Event_Stub                            ../../LUFA/Drivers/USB/Class/Device/PrinterClassDevice.o
PRNT_Device_Flush                                 ../../LUFA/Drivers/USB/Class/Device/PrinterClassDevice.o
PRNT_Device_ProcessControlRequest                 ../../LUFA/Drivers/USB/Class/Device/PrinterClassDevice.o
PRNT_Device_ReceiveByte                           ../../LUFA/Drivers/USB/Class/Device/PrinterClassDevice.o
PRNT_Device_SendByte                              ../../LUFA/Drivers/USB/Class/Device/PrinterClassDevice.o
PRNT_Device_SendData                              ../../LUFA/Drivers/USB/Class/Device/PrinterClassDevice.o
PRNT_Device_SendString                            ../../LUFA/Drivers/USB/Class/Device/PrinterClassDevice.o
PRNT_Device_USBTask                               ../../LUFA/Drivers/USB/Class/Device/PrinterClassDevice.o
RNDIS_Device_ConfigureEndpoints                   ../../LUFA/Drivers/USB/Class/Device/RNDISClassDevice.o
RNDIS_Device_IsPacketReceived                     ../../LUFA/Drivers/USB/Class/Device/RNDISClassDevice.o
RNDIS_Device_ProcessControlRequest                ../../LUFA/Drivers/USB/Class/Device/RNDISClassDevice.o
RNDIS_Device_ReadPacket                           ../../LUFA/Drivers/USB/Class/Device/RNDISClassDevice.o
RNDIS_Device_SendPacket                           ../../LUFA/Drivers/USB/Class/Device/RNDISClassDevice.o
RNDIS_Device_USBTask                              ../../LUFA/Drivers/USB/Class/Device/RNDISClassDevice.o
SetupHardware                                     USBtoSerial.o
TINYNVM_DisableTPI                                Lib/XPROG/TINYNVM.o
                                                  Lib/XPROG/XPROGProtocol.o
TINYNVM_EnableTPI                                 Lib/XPROG/TINYNVM.o
                                                  Lib/XPROG/XPROGProtocol.o
TINYNVM_EraseMemory                               Lib/XPROG/TINYNVM.o
                                                  Lib/XPROG/XPROGProtocol.o
TINYNVM_ReadMemory                                Lib/XPROG/TINYNVM.o
                                                  Lib/XPROG/XPROGProtocol.o
TINYNVM_WaitWhileNVMBusBusy                       Lib/XPROG/TINYNVM.o
TINYNVM_WaitWhileNVMControllerBusy                Lib/XPROG/TINYNVM.o
TINYNVM_WriteMemory                               Lib/XPROG/TINYNVM.o
                                                  Lib/XPROG/XPROGProtocol.o
USART_ConfigurationDescriptor                     Descriptors.o
USART_DeviceDescriptor                            Descriptors.o
USART_GetDescriptor                               Descriptors.o
                                                  USBtoSerial.o
USART_LanguageString                              Descriptors.o
USART_ManufacturerString                          Descriptors.o
USART_ProductString                               Descriptors.o
USB_ControlRequest                                ../../LUFA/Drivers/USB/Class/Device/RNDISClassDevice.o
                                                  ../../LUFA/Drivers/USB/Class/Device/PrinterClassDevice.o
                                                  ../../LUFA/Drivers/USB/Class/Device/MassStorageClassDevice.o
                                                  ../../LUFA/Drivers/USB/Class/Device/HIDClassDevice.o
                                                  ../../LUFA/Drivers/USB/Class/Device/CDCClassDevice.o
                                                  ../../LUFA/Drivers/USB/Class/Device/AudioClassDevice.o
                                                  ../../LUFA/Drivers/USB/Core/USBTask.o
                                                  ../../LUFA/Drivers/USB/Core/DeviceStandardReq.o
                                                  ../../LUFA/Drivers/USB/Core/AVR8/Endpoint_AVR8.o
                                                  ../../LUFA/Drivers/USB/Core/AVR8/EndpointStream_AVR8.o
USB_Device_ConfigurationNumber                    ../../LUFA/Drivers/USB/Core/DeviceStandardReq.o
                                                  ../../LUFA/Drivers/USB/Core/AVR8/USBInterrupt_AVR8.o
                                                  ../../LUFA/Drivers/USB/Core/AVR8/USBController_AVR8.o
USB_Device_ProcessControlRequest                  ../../LUFA/Drivers/USB/Core/DeviceStandardReq.o
                                                  ../../LUFA/Drivers/USB/Core/USBTask.o
USB_Device_SendRemoteWakeup                       ../../LUFA/Drivers/USB/Core/AVR8/Device_AVR8.o
USB_Disable                                       ../../LUFA/Drivers/USB/Core/AVR8/USBController_AVR8.o
USB_Event_Stub                                    ../../LUFA/Drivers/USB/Core/Events.o
USB_GetHIDReportItemInfo                          ../../LUFA/Drivers/USB/Class/Common/HIDParser.o
USB_GetHIDReportSize                              ../../LUFA/Drivers/USB/Class/Common/HIDParser.o
USB_GetNextDescriptorComp                         ../../LUFA/Drivers/USB/Core/ConfigDescriptors.o
USB_GetNextDescriptorOfType                       ../../LUFA/Drivers/USB/Core/ConfigDescriptors.o
USB_GetNextDescriptorOfTypeAfter                  ../../LUFA/Drivers/USB/Core/ConfigDescriptors.o
USB_GetNextDescriptorOfTypeBefore                 ../../LUFA/Drivers/USB/Core/ConfigDescriptors.o
USB_INT_ClearAllInterrupts                        ../../LUFA/Drivers/USB/Core/AVR8/USBInterrupt_AVR8.o
                                                  ../../LUFA/Drivers/USB/Core/AVR8/USBController_AVR8.o
USB_INT_DisableAllInterrupts                      ../../LUFA/Drivers/USB/Core/AVR8/USBInterrupt_AVR8.o
                                                  ../../LUFA/Drivers/USB/Core/AVR8/USBController_AVR8.o
USB_Init                                          ../../LUFA/Drivers/USB/Core/AVR8/USBController_AVR8.o
                                                  USBtoSerial.o
USB_IsInitialized                                 ../../LUFA/Drivers/USB/Core/USBTask.o
                                                  ../../LUFA/Drivers/USB/Core/AVR8/USBController_AVR8.o
USB_ProcessHIDReport                              ../../LUFA/Drivers/USB/Class/Common/HIDParser.o
USB_ResetInterface                                ../../LUFA/Drivers/USB/Core/AVR8/USBController_AVR8.o
USB_SetHIDReportItemInfo                          ../../LUFA/Drivers/USB/Class/Common/HIDParser.o
USB_USBTask                                       ../../LUFA/Drivers/USB/Core/USBTask.o
                                                  ../../LUFA/Drivers/USB/Class/Device/PrinterClassDevice.o
                                                  ../../LUFA/Drivers/USB/Class/Device/MassStorageClassDevice.o
                                                  ../../LUFA/Drivers/USB/Class/Device/CDCClassDevice.o
                                                  ../../LUFA/Drivers/USB/Core/AVR8/EndpointStream_AVR8.o
                                                  USBtoSerial.o
V2Params_GetParameterPrivileges                   Lib/V2ProtocolParams.o
                                                  Lib/V2Protocol.o
V2Params_GetParameterValue                        Lib/V2ProtocolParams.o
                                                  Lib/ISP/ISPTarget.o
                                                  Lib/V2Protocol.o
V2Params_LoadNonVolatileParamValues               Lib/V2ProtocolParams.o
                                                  Lib/V2Protocol.o
V2Params_SetParameterValue                        Lib/V2ProtocolParams.o
                                                  Lib/XPROG/XPROGProtocol.o
                                                  Lib/ISP/ISPProtocol.o
                                                  Lib/V2Protocol.o
V2Params_UpdateParamValues                        Lib/V2ProtocolParams.o
V2Protocol_Init                                   Lib/V2Protocol.o
                                                  USBtoSerial.o
V2Protocol_ProcessCommand                         Lib/V2Protocol.o
                                                  USBtoSerial.o
VirtualSerial_CDC_Interface                       USBtoSerial.o
XMEGANVM_DisablePDI                               Lib/XPROG/XMEGANVM.o
                                                  Lib/XPROG/XPROGProtocol.o
XMEGANVM_EnablePDI                                Lib/XPROG/XMEGANVM.o
                                                  Lib/XPROG/XPROGProtocol.o
XMEGANVM_EraseMemory                              Lib/XPROG/XMEGANVM.o
                                                  Lib/XPROG/XPROGProtocol.o
XMEGANVM_GetMemoryCRC                             Lib/XPROG/XMEGANVM.o
                                                  Lib/XPROG/XPROGProtocol.o
XMEGANVM_ReadMemory                               Lib/XPROG/XMEGANVM.o
                                                  Lib/XPROG/XPROGProtocol.o
XMEGANVM_WaitWhileNVMBusBusy                      Lib/XPROG/XMEGANVM.o
XMEGANVM_WaitWhileNVMControllerBusy               Lib/XPROG/XMEGANVM.o
XMEGANVM_WriteByteMemory                          Lib/XPROG/XMEGANVM.o
                                                  Lib/XPROG/XPROGProtocol.o
XMEGANVM_WritePageMemory                          Lib/XPROG/XMEGANVM.o
                                                  Lib/XPROG/XPROGProtocol.o
XPROGProtocol_Command                             Lib/XPROG/XPROGProtocol.o
                                                  Lib/V2Protocol.o
XPROGProtocol_SetMode                             Lib/XPROG/XPROGProtocol.o
                                                  Lib/V2Protocol.o
XPROGTarget_DisableTargetPDI                      Lib/XPROG/XPROGTarget.o
                                                  Lib/XPROG/XMEGANVM.o
XPROGTarget_DisableTargetTPI                      Lib/XPROG/XPROGTarget.o
                                                  Lib/XPROG/TINYNVM.o
XPROGTarget_EnableTargetPDI                       Lib/XPROG/XPROGTarget.o
                                                  Lib/XPROG/XMEGANVM.o
XPROGTarget_EnableTargetTPI                       Lib/XPROG/XPROGTarget.o
                                                  Lib/XPROG/TINYNVM.o
XPROGTarget_ReceiveByte                           Lib/XPROG/XPROGTarget.o
                                                  Lib/XPROG/TINYNVM.o
                                                  Lib/XPROG/XMEGANVM.o
XPROGTarget_SendByte                              Lib/XPROG/XPROGTarget.o
                                                  Lib/XPROG/TINYNVM.o
                                                  Lib/XPROG/XMEGANVM.o
XPROGTarget_SendIdle                              Lib/XPROG/XPROGTarget.o
XPROG_Param_EEPageSize                            Lib/XPROG/XPROGProtocol.o
                                                  Lib/XPROG/XMEGANVM.o
XPROG_Param_NVMBase                               Lib/XPROG/XPROGProtocol.o
                                                  Lib/XPROG/XMEGANVM.o
XPROG_Param_NVMCMDRegAddr                         Lib/XPROG/XPROGProtocol.o
                                                  Lib/XPROG/TINYNVM.o
XPROG_Param_NVMCSRRegAddr                         Lib/XPROG/XPROGProtocol.o
                                                  Lib/XPROG/TINYNVM.o
XPROG_SelectedProtocol                            Lib/XPROG/XPROGProtocol.o
__bad_interrupt                                   c:/winavr-20100110/bin/../lib/gcc/avr/4.3.3/../../../../avr/lib/avr35/crtm32u2.o
__bss_end                                         c:/winavr-20100110/bin/../lib/gcc/avr/4.3.3/avr35\libgcc.a(_clear_bss.o)
__bss_start                                       c:/winavr-20100110/bin/../lib/gcc/avr/4.3.3/avr35\libgcc.a(_clear_bss.o)
__data_end                                        c:/winavr-20100110/bin/../lib/gcc/avr/4.3.3/avr35\libgcc.a(_copy_data.o)
__data_load_start                                 c:/winavr-20100110/bin/../lib/gcc/avr/4.3.3/avr35\libgcc.a(_copy_data.o)
__data_start                                      c:/winavr-20100110/bin/../lib/gcc/avr/4.3.3/avr35\libgcc.a(_copy_data.o)
__do_clear_bss                                    c:/winavr-20100110/bin/../lib/gcc/avr/4.3.3/avr35\libgcc.a(_clear_bss.o)
                                                  ../../LUFA/Drivers/USB/Core/USBTask.o
                                                  ../../LUFA/Drivers/USB/Core/DeviceStandardReq.o
                                                  Lib/XPROG/XPROGTarget.o
                                                  Lib/XPROG/XPROGProtocol.o
                                                  Lib/ISP/ISPTarget.o
                                                  Lib/V2Protocol.o
                                                  USBtoSerial.o
__do_copy_data                                    c:/winavr-20100110/bin/../lib/gcc/avr/4.3.3/avr35\libgcc.a(_copy_data.o)
                                                  ../../LUFA/Drivers/USB/Class/Device/RNDISClassDevice.o
                                                  ../../LUFA/Drivers/USB/Class/Device/CDCClassDevice.o
                                                  Lib/XPROG/TINYNVM.o
                                                  Lib/XPROG/XMEGANVM.o
                                                  Lib/XPROG/XPROGProtocol.o
                                                  Lib/ISP/ISPTarget.o
                                                  Lib/V2ProtocolParams.o
                                                  Lib/V2Protocol.o
                                                  Descriptors.o
                                                  USBtoSerial.o
__eerd_byte_m32u2                                 c:/winavr-20100110/bin/../lib/gcc/avr/4.3.3/../../../../avr/lib/avr35\libc.a(eerd_byte_atmega32u2.o)
                                                  ../../LUFA/Drivers/USB/Core/AVR8/EndpointStream_AVR8.o
                                                  Lib/V2ProtocolParams.o
__eeupd_byte_m32u2                                c:/winavr-20100110/bin/../lib/gcc/avr/4.3.3/../../../../avr/lib/avr35\libc.a(eeupd_byte_atmega32u2.o)
                                                  ../../LUFA/Drivers/USB/Core/AVR8/EndpointStream_AVR8.o
                                                  Lib/V2ProtocolParams.o
__eeupd_r18_m32u2                                 c:/winavr-20100110/bin/../lib/gcc/avr/4.3.3/../../../../avr/lib/avr35\libc.a(eeupd_byte_atmega32u2.o)
__heap_end                                        c:/winavr-20100110/bin/../lib/gcc/avr/4.3.3/../../../../avr/lib/avr35/crtm32u2.o
__init                                            c:/winavr-20100110/bin/../lib/gcc/avr/4.3.3/../../../../avr/lib/avr35/crtm32u2.o
__mulhi3                                          c:/winavr-20100110/bin/../lib/gcc/avr/4.3.3/avr35\libgcc.a(_mulhi3.o)
                                                  ../../LUFA/Drivers/USB/Class/Common/HIDParser.o
__stack                                           c:/winavr-20100110/bin/../lib/gcc/avr/4.3.3/../../../../avr/lib/avr35/crtm32u2.o
__udivmodsi4                                      c:/winavr-20100110/bin/../lib/gcc/avr/4.3.3/avr35\libgcc.a(_udivmodsi4.o)
                                                  USBtoSerial.o
__vector_1                                        c:/winavr-20100110/bin/../lib/gcc/avr/4.3.3/../../../../avr/lib/avr35/crtm32u2.o
__vector_10                                       c:/winavr-20100110/bin/../lib/gcc/avr/4.3.3/../../../../avr/lib/avr35/crtm32u2.o
__vector_11                                       ../../LUFA/Drivers/USB/Core/AVR8/USBInterrupt_AVR8.o
                                                  c:/winavr-20100110/bin/../lib/gcc/avr/4.3.3/../../../../avr/lib/avr35/crtm32u2.o
__vector_12                                       c:/winavr-20100110/bin/../lib/gcc/avr/4.3.3/../../../../avr/lib/avr35/crtm32u2.o
__vector_13                                       c:/winavr-20100110/bin/../lib/gcc/avr/4.3.3/../../../../avr/lib/avr35/crtm32u2.o
__vector_14                                       c:/winavr-20100110/bin/../lib/gcc/avr/4.3.3/../../../../avr/lib/avr35/crtm32u2.o
__vector_15                                       Lib/ISP/ISPTarget.o
                                                  c:/winavr-20100110/bin/../lib/gcc/avr/4.3.3/../../../../avr/lib/avr35/crtm32u2.o
__vector_16                                       c:/winavr-20100110/bin/../lib/gcc/avr/4.3.3/../../../../avr/lib/avr35/crtm32u2.o
__vector_17                                       c:/winavr-20100110/bin/../lib/gcc/avr/4.3.3/../../../../avr/lib/avr35/crtm32u2.o
__vector_18                                       c:/winavr-20100110/bin/../lib/gcc/avr/4.3.3/../../../../avr/lib/avr35/crtm32u2.o
__vector_19                                       Lib/V2Protocol.o
                                                  c:/winavr-20100110/bin/../lib/gcc/avr/4.3.3/../../../../avr/lib/avr35/crtm32u2.o
__vector_2                                        c:/winavr-20100110/bin/../lib/gcc/avr/4.3.3/../../../../avr/lib/avr35/crtm32u2.o
__vector_20                                       c:/winavr-20100110/bin/../lib/gcc/avr/4.3.3/../../../../avr/lib/avr35/crtm32u2.o
__vector_21                                       c:/winavr-20100110/bin/../lib/gcc/avr/4.3.3/../../../../avr/lib/avr35/crtm32u2.o
__vector_22                                       c:/winavr-20100110/bin/../lib/gcc/avr/4.3.3/../../../../avr/lib/avr35/crtm32u2.o
__vector_23                                       USBtoSerial.o
                                                  c:/winavr-20100110/bin/../lib/gcc/avr/4.3.3/../../../../avr/lib/avr35/crtm32u2.o
__vector_24                                       c:/winavr-20100110/bin/../lib/gcc/avr/4.3.3/../../../../avr/lib/avr35/crtm32u2.o
__vector_25                                       c:/winavr-20100110/bin/../lib/gcc/avr/4.3.3/../../../../avr/lib/avr35/crtm32u2.o
__vector_26                                       c:/winavr-20100110/bin/../lib/gcc/avr/4.3.3/../../../../avr/lib/avr35/crtm32u2.o
__vector_27                                       c:/winavr-20100110/bin/../lib/gcc/avr/4.3.3/../../../../avr/lib/avr35/crtm32u2.o
__vector_28                                       c:/winavr-20100110/bin/../lib/gcc/avr/4.3.3/../../../../avr/lib/avr35/crtm32u2.o
__vector_29                                       c:/winavr-20100110/bin/../lib/gcc/avr/4.3.3/../../../../avr/lib/avr35/crtm32u2.o
__vector_3                                        c:/winavr-20100110/bin/../lib/gcc/avr/4.3.3/../../../../avr/lib/avr35/crtm32u2.o
__vector_30                                       c:/winavr-20100110/bin/../lib/gcc/avr/4.3.3/../../../../avr/lib/avr35/crtm32u2.o
__vector_31                                       c:/winavr-20100110/bin/../lib/gcc/avr/4.3.3/../../../../avr/lib/avr35/crtm32u2.o
__vector_32                                       c:/winavr-20100110/bin/../lib/gcc/avr/4.3.3/../../../../avr/lib/avr35/crtm32u2.o
__vector_33                                       c:/winavr-20100110/bin/../lib/gcc/avr/4.3.3/../../../../avr/lib/avr35/crtm32u2.o
__vector_34                                       c:/winavr-20100110/bin/../lib/gcc/avr/4.3.3/../../../../avr/lib/avr35/crtm32u2.o
__vector_35                                       c:/winavr-20100110/bin/../lib/gcc/avr/4.3.3/../../../../avr/lib/avr35/crtm32u2.o
__vector_36                                       c:/winavr-20100110/bin/../lib/gcc/avr/4.3.3/../../../../avr/lib/avr35/crtm32u2.o
__vector_37                                       c:/winavr-20100110/bin/../lib/gcc/avr/4.3.3/../../../../avr/lib/avr35/crtm32u2.o
__vector_4                                        c:/winavr-20100110/bin/../lib/gcc/avr/4.3.3/../../../../avr/lib/avr35/crtm32u2.o
__vector_5                                        c:/winavr-20100110/bin/../lib/gcc/avr/4.3.3/../../../../avr/lib/avr35/crtm32u2.o
__vector_6                                        c:/winavr-20100110/bin/../lib/gcc/avr/4.3.3/../../../../avr/lib/avr35/crtm32u2.o
__vector_7                                        c:/winavr-20100110/bin/../lib/gcc/avr/4.3.3/../../../../avr/lib/avr35/crtm32u2.o
__vector_8                                        c:/winavr-20100110/bin/../lib/gcc/avr/4.3.3/../../../../avr/lib/avr35/crtm32u2.o
__vector_9                                        c:/winavr-20100110/bin/../lib/gcc/avr/4.3.3/../../../../avr/lib/avr35/crtm32u2.o
__vector_default                                  c:/winavr-20100110/bin/../lib/gcc/avr/4.3.3/../../../../avr/lib/avr35/crtm32u2.o
__vectors                                         c:/winavr-20100110/bin/../lib/gcc/avr/4.3.3/../../../../avr/lib/avr35/crtm32u2.o
_exit                                             c:/winavr-20100110/bin/../lib/gcc/avr/4.3.3/avr35\libgcc.a(_exit.o)
exit                                              c:/winavr-20100110/bin/../lib/gcc/avr/4.3.3/avr35\libgcc.a(_exit.o)